Archive member included to satisfy reference by file (symbol)

c:/program files (x86)/atmel/studio/7.0/toolchain/avr8/avr8-gnu-toolchain/bin/../lib/gcc/avr/5.4.0/avr51\libgcc.a(_mulsi3.o)
                              build/default/production/librarias/function.o (__mulsi3)
c:/program files (x86)/atmel/studio/7.0/toolchain/avr8/avr8-gnu-toolchain/bin/../lib/gcc/avr/5.4.0/avr51\libgcc.a(_divmodhi4.o)
                              build/default/production/librarias/Atmega128API.o (__divmodhi4)
c:/program files (x86)/atmel/studio/7.0/toolchain/avr8/avr8-gnu-toolchain/bin/../lib/gcc/avr/5.4.0/avr51\libgcc.a(_udivmodsi4.o)
                              build/default/production/librarias/Atmega128API.o (__udivmodsi4)
c:/program files (x86)/atmel/studio/7.0/toolchain/avr8/avr8-gnu-toolchain/bin/../lib/gcc/avr/5.4.0/avr51\libgcc.a(_divmodsi4.o)
                              build/default/production/librarias/function.o (__divmodsi4)
c:/program files (x86)/atmel/studio/7.0/toolchain/avr8/avr8-gnu-toolchain/bin/../lib/gcc/avr/5.4.0/avr51\libgcc.a(_negsi2.o)
                              c:/program files (x86)/atmel/studio/7.0/toolchain/avr8/avr8-gnu-toolchain/bin/../lib/gcc/avr/5.4.0/avr51\libgcc.a(_divmodsi4.o) (__negsi2)
c:/program files (x86)/atmel/studio/7.0/toolchain/avr8/avr8-gnu-toolchain/bin/../lib/gcc/avr/5.4.0/avr51\libgcc.a(_exit.o)
                              C:/Program Files (x86)/Microchip/MPLABX/v5.40/packs/Microchip/ATmega_DFP/2.2.108/gcc/dev/atmega128/avr51/crtatmega128.o (exit)
c:/program files (x86)/atmel/studio/7.0/toolchain/avr8/avr8-gnu-toolchain/bin/../lib/gcc/avr/5.4.0/avr51\libgcc.a(_tablejump2.o)
                              build/default/production/librarias/Atmega128API.o (__tablejump2__)
c:/program files (x86)/atmel/studio/7.0/toolchain/avr8/avr8-gnu-toolchain/bin/../lib/gcc/avr/5.4.0/avr51\libgcc.a(_copy_data.o)
                              build/default/production/librarias/Atmega128API.o (__do_copy_data)
c:/program files (x86)/atmel/studio/7.0/toolchain/avr8/avr8-gnu-toolchain/bin/../lib/gcc/avr/5.4.0/avr51\libgcc.a(_clear_bss.o)
                              build/default/production/librarias/Atmega128API.o (__do_clear_bss)
c:/program files (x86)/atmel/studio/7.0/toolchain/avr8/avr8-gnu-toolchain/bin/../lib/gcc/avr/5.4.0/avr51\libgcc.a(_umulhisi3.o)
                              build/default/production/librarias/function.o (__umulhisi3)
c:/program files (x86)/atmel/studio/7.0/toolchain/avr8/avr8-gnu-toolchain/bin/../lib/gcc/avr/5.4.0/avr51\libgcc.a(_muluhisi3.o)
                              c:/program files (x86)/atmel/studio/7.0/toolchain/avr8/avr8-gnu-toolchain/bin/../lib/gcc/avr/5.4.0/avr51\libgcc.a(_mulsi3.o) (__muluhisi3)
c:/program files (x86)/atmel/studio/7.0/toolchain/avr8/avr8-gnu-toolchain/bin/../lib/gcc/avr/5.4.0/avr51\libgcc.a(_udivmodhi4.o)
                              c:/program files (x86)/atmel/studio/7.0/toolchain/avr8/avr8-gnu-toolchain/bin/../lib/gcc/avr/5.4.0/avr51\libgcc.a(_divmodhi4.o) (__udivmodhi4)

Allocating common symbols
Common symbol       size              file

keypad_PORT         0x2               build/default/production/librarias/keypad.o
lcd0_PIN            0x2               build/default/production/librarias/lcd.o
uart_msg            0x20              build/default/production/librarias/Atmega128API.o
FUNCstr             0x14              build/default/production/librarias/function.o
timer1_state        0x1               build/default/production/librarias/Atmega128API.o
keypad_dataf        0x4               build/default/production/librarias/keypad.o
lcd1_DDR            0x2               build/default/production/librarias/lcd.o
keypad_datai        0x4               build/default/production/librarias/keypad.o
lcd1_detect         0x1               build/default/production/librarias/lcd.o
lcd1_PIN            0x2               build/default/production/librarias/lcd.o
lcd0_DDR            0x2               build/default/production/librarias/lcd.o
KEYPADSTRINGINDEX   0x1               build/default/production/librarias/keypad.o
lcd0_detect         0x1               build/default/production/librarias/lcd.o
uart1_index         0x2               build/default/production/librarias/Atmega128API.o
timer3_state        0x1               build/default/production/librarias/Atmega128API.o
keypad_PIN          0x2               build/default/production/librarias/keypad.o
uart1_msg           0x20              build/default/production/librarias/Atmega128API.o
data                0x16              build/default/production/librarias/keypad.o
timer2_state        0x1               build/default/production/librarias/Atmega128API.o
uart_index          0x2               build/default/production/librarias/Atmega128API.o
count               0x1               build/default/production/main.o
lcd0_PORT           0x2               build/default/production/librarias/lcd.o
twi_chip_id         0x1               build/default/production/librarias/Atmega128API.o
lcd1_PORT           0x2               build/default/production/librarias/lcd.o
keypad_DDR          0x2               build/default/production/librarias/keypad.o
i2c_output          0x1               build/default/production/librarias/Atmega128API.o
timer0_state        0x1               build/default/production/librarias/Atmega128API.o

Discarded input sections

 .data          0x00000000        0x0 C:/Program Files (x86)/Microchip/MPLABX/v5.40/packs/Microchip/ATmega_DFP/2.2.108/gcc/dev/atmega128/avr51/crtatmega128.o
 .bss           0x00000000        0x0 C:/Program Files (x86)/Microchip/MPLABX/v5.40/packs/Microchip/ATmega_DFP/2.2.108/gcc/dev/atmega128/avr51/crtatmega128.o
 .text          0x00000000        0x0 build/default/production/librarias/Atmega128API.o
 .data          0x00000000        0x0 build/default/production/librarias/Atmega128API.o
 .bss           0x00000000        0x0 build/default/production/librarias/Atmega128API.o
 .text.ANALOG_read
                0x00000000       0x14 build/default/production/librarias/Atmega128API.o
 .text.INTERRUPT_reset_status
                0x00000000       0x5a build/default/production/librarias/Atmega128API.o
 .text.INTERRUPT_set
                0x00000000      0x1d0 build/default/production/librarias/Atmega128API.o
 .progmem.gcc_sw_table.INTERRUPT_set
                0x00000000       0x10 build/default/production/librarias/Atmega128API.o
 .text.INTERRUPT_off
                0x00000000       0x56 build/default/production/librarias/Atmega128API.o
 .progmem.gcc_sw_table.INTERRUPT_off
                0x00000000       0x10 build/default/production/librarias/Atmega128API.o
 .text.spi_transfer_sync
                0x00000000       0x2c build/default/production/librarias/Atmega128API.o
 .text.spi_transmit_sync
                0x00000000       0x24 build/default/production/librarias/Atmega128API.o
 .text.spi_fast_shift
                0x00000000        0xa build/default/production/librarias/Atmega128API.o
 .text.TIMER_COUNTER1_start
                0x00000000       0x8e build/default/production/librarias/Atmega128API.o
 .text.TIMER_COUNTER1_compoutmodeA
                0x00000000       0x2a build/default/production/librarias/Atmega128API.o
 .text.TIMER_COUNTER1_compoutmodeB
                0x00000000       0x2a build/default/production/librarias/Atmega128API.o
 .text.TIMER_COUNTER1_compoutmodeC
                0x00000000       0x2a build/default/production/librarias/Atmega128API.o
 .text.TIMER_COUNTER1_compareA
                0x00000000        0x6 build/default/production/librarias/Atmega128API.o
 .text.TIMER_COUNTER1_compareB
                0x00000000        0x6 build/default/production/librarias/Atmega128API.o
 .text.TIMER_COUNTER1_compareC
                0x00000000        0xa build/default/production/librarias/Atmega128API.o
 .text.TIMER_COUNTER1_stop
                0x00000000       0x10 build/default/production/librarias/Atmega128API.o
 .text.TIMER_COUNTER2_start
                0x00000000       0x8a build/default/production/librarias/Atmega128API.o
 .text.TIMER_COUNTER2_compoutmode
                0x00000000       0x2a build/default/production/librarias/Atmega128API.o
 .text.TIMER_COUNTER2_compare
                0x00000000        0x4 build/default/production/librarias/Atmega128API.o
 .text.TIMER_COUNTER2_stop
                0x00000000        0xe build/default/production/librarias/Atmega128API.o
 .text.TIMER_COUNTER3_start
                0x00000000       0xb6 build/default/production/librarias/Atmega128API.o
 .text.TIMER_COUNTER3_compoutmodeA
                0x00000000       0x36 build/default/production/librarias/Atmega128API.o
 .text.TIMER_COUNTER3_compoutmodeB
                0x00000000       0x36 build/default/production/librarias/Atmega128API.o
 .text.TIMER_COUNTER3_compoutmodeC
                0x00000000       0x36 build/default/production/librarias/Atmega128API.o
 .text.TIMER_COUNTER3_compareA
                0x00000000        0xa build/default/production/librarias/Atmega128API.o
 .text.TIMER_COUNTER3_compareB
                0x00000000        0xa build/default/production/librarias/Atmega128API.o
 .text.TIMER_COUNTER3_compareC
                0x00000000        0xa build/default/production/librarias/Atmega128API.o
 .text.TIMER_COUNTER3_stop
                0x00000000       0x18 build/default/production/librarias/Atmega128API.o
 .text.uart_getc
                0x00000000       0x3a build/default/production/librarias/Atmega128API.o
 .text.uart_available
                0x00000000       0x1a build/default/production/librarias/Atmega128API.o
 .text.uart_flush
                0x00000000        0xa build/default/production/librarias/Atmega128API.o
 .text.uart1_getc
                0x00000000       0x3a build/default/production/librarias/Atmega128API.o
 .text.uart1_available
                0x00000000       0x1a build/default/production/librarias/Atmega128API.o
 .text.uart1_flush
                0x00000000        0xa build/default/production/librarias/Atmega128API.o
 .text.ANALOGenable
                0x00000000      0x12c build/default/production/librarias/Atmega128API.o
 .text.INTERRUPTenable
                0x00000000       0x44 build/default/production/librarias/Atmega128API.o
 .text.SPIenable
                0x00000000      0x10c build/default/production/librarias/Atmega128API.o
 .text.spi_default
                0x00000000       0x16 build/default/production/librarias/Atmega128API.o
 .text.TIMER_COUNTER1enable
                0x00000000      0x1ec build/default/production/librarias/Atmega128API.o
 .progmem.gcc_sw_table.TIMER_COUNTER1enable
                0x00000000       0x36 build/default/production/librarias/Atmega128API.o
 .text.TIMER_COUNTER2enable
                0x00000000       0x7e build/default/production/librarias/Atmega128API.o
 .text.TIMER_COUNTER3enable
                0x00000000      0x264 build/default/production/librarias/Atmega128API.o
 .progmem.gcc_sw_table.TIMER_COUNTER3enable
                0x00000000       0x36 build/default/production/librarias/Atmega128API.o
 .text.I2Cenable
                0x00000000       0xe0 build/default/production/librarias/Atmega128API.o
 .text.twi_transmit
                0x00000000       0x48 build/default/production/librarias/Atmega128API.o
 .text.twi_stop
                0x00000000       0x2c build/default/production/librarias/Atmega128API.o
 .text.twi_status
                0x00000000        0x8 build/default/production/librarias/Atmega128API.o
 .text.twi_poll
                0x00000000       0x28 build/default/production/librarias/Atmega128API.o
 .text.twi_start
                0x00000000       0x24 build/default/production/librarias/Atmega128API.o
 .text.twi_master_connect
                0x00000000       0x36 build/default/production/librarias/Atmega128API.o
 .text.twi_master_write
                0x00000000       0x38 build/default/production/librarias/Atmega128API.o
 .text.twi_master_read
                0x00000000       0xa0 build/default/production/librarias/Atmega128API.o
 .text.UARTenable
                0x00000000      0x1d6 build/default/production/librarias/Atmega128API.o
 .text.UART_Rx_pop
                0x00000000       0x2a build/default/production/librarias/Atmega128API.o
 .rodata.str1.1
                0x00000000        0x6 build/default/production/librarias/Atmega128API.o
 .text.uart_read
                0x00000000       0x5a build/default/production/librarias/Atmega128API.o
 .text.UART_Tx_push
                0x00000000       0x26 build/default/production/librarias/Atmega128API.o
 .text.uart_putc
                0x00000000        0x8 build/default/production/librarias/Atmega128API.o
 .text.uart_puts
                0x00000000       0x1e build/default/production/librarias/Atmega128API.o
 .text.uart_puts_p
                0x00000000       0x24 build/default/production/librarias/Atmega128API.o
 .text.UART1enable
                0x00000000      0x210 build/default/production/librarias/Atmega128API.o
 .text.UART1_Rx_pop
                0x00000000       0x2a build/default/production/librarias/Atmega128API.o
 .text.uart1_read
                0x00000000       0x5a build/default/production/librarias/Atmega128API.o
 .text.UART1_Tx_push
                0x00000000       0x26 build/default/production/librarias/Atmega128API.o
 .text.uart1_putc
                0x00000000       0x10 build/default/production/librarias/Atmega128API.o
 .text.uart1_puts
                0x00000000       0x1e build/default/production/librarias/Atmega128API.o
 .text.uart1_puts_p
                0x00000000       0x24 build/default/production/librarias/Atmega128API.o
 .text          0x00000000        0x0 build/default/production/librarias/lcd.o
 .data          0x00000000        0x0 build/default/production/librarias/lcd.o
 .bss           0x00000000        0x0 build/default/production/librarias/lcd.o
 .text.LCD1_write
                0x00000000      0x188 build/default/production/librarias/lcd.o
 .text.LCD1_read
                0x00000000       0xf6 build/default/production/librarias/lcd.o
 .text.LCD1_BF  0x00000000       0x28 build/default/production/librarias/lcd.o
 .text.LCD1_putch
                0x00000000        0xe build/default/production/librarias/lcd.o
 .text.LCD1_getch
                0x00000000       0x16 build/default/production/librarias/lcd.o
 .text.LCD1_string
                0x00000000       0x26 build/default/production/librarias/lcd.o
 .text.LCD1_string_size
                0x00000000       0x66 build/default/production/librarias/lcd.o
 .text.LCD1_hspace
                0x00000000       0x1e build/default/production/librarias/lcd.o
 .text.LCD1_gotoxy
                0x00000000       0x5e build/default/production/librarias/lcd.o
 .text.LCD1_clear
                0x00000000       0x18 build/default/production/librarias/lcd.o
 .text.LCD0_strobe
                0x00000000       0x1e build/default/production/librarias/lcd.o
 .text.LCD1_inic
                0x00000000       0x98 build/default/production/librarias/lcd.o
 .text.LCD1enable
                0x00000000       0xb0 build/default/production/librarias/lcd.o
 .text.LCD1_reboot
                0x00000000       0x24 build/default/production/librarias/lcd.o
 .text.LCD1_strobe
                0x00000000       0x1e build/default/production/librarias/lcd.o
 .text.LCD_ticks
                0x00000000       0x14 build/default/production/librarias/lcd.o
 .text          0x00000000        0x0 build/default/production/librarias/function.o
 .data          0x00000000        0x0 build/default/production/librarias/function.o
 .bss           0x00000000        0x0 build/default/production/librarias/function.o
 .text.leap_year_check
                0x00000000       0x70 build/default/production/librarias/function.o
 .text          0x00000000        0x0 build/default/production/librarias/keypad.o
 .data          0x00000000        0x0 build/default/production/librarias/keypad.o
 .bss           0x00000000        0x0 build/default/production/librarias/keypad.o
 .text.KEYPADlh
                0x00000000        0x6 build/default/production/librarias/keypad.o
 .text.KEYPADhl
                0x00000000        0x6 build/default/production/librarias/keypad.o
 .text          0x00000000        0x0 build/default/production/main.o
 .data          0x00000000        0x0 build/default/production/main.o
 .bss           0x00000000        0x0 build/default/production/main.o
 .text          0x00000000        0x0 c:/program files (x86)/atmel/studio/7.0/toolchain/avr8/avr8-gnu-toolchain/bin/../lib/gcc/avr/5.4.0/avr51\libgcc.a(_mulsi3.o)
 .data          0x00000000        0x0 c:/program files (x86)/atmel/studio/7.0/toolchain/avr8/avr8-gnu-toolchain/bin/../lib/gcc/avr/5.4.0/avr51\libgcc.a(_mulsi3.o)
 .bss           0x00000000        0x0 c:/program files (x86)/atmel/studio/7.0/toolchain/avr8/avr8-gnu-toolchain/bin/../lib/gcc/avr/5.4.0/avr51\libgcc.a(_mulsi3.o)
 .text.libgcc.div
                0x00000000        0x0 c:/program files (x86)/atmel/studio/7.0/toolchain/avr8/avr8-gnu-toolchain/bin/../lib/gcc/avr/5.4.0/avr51\libgcc.a(_mulsi3.o)
 .text.libgcc   0x00000000        0x0 c:/program files (x86)/atmel/studio/7.0/toolchain/avr8/avr8-gnu-toolchain/bin/../lib/gcc/avr/5.4.0/avr51\libgcc.a(_mulsi3.o)
 .text.libgcc.prologue
                0x00000000        0x0 c:/program files (x86)/atmel/studio/7.0/toolchain/avr8/avr8-gnu-toolchain/bin/../lib/gcc/avr/5.4.0/avr51\libgcc.a(_mulsi3.o)
 .text.libgcc.builtins
                0x00000000        0x0 c:/program files (x86)/atmel/studio/7.0/toolchain/avr8/avr8-gnu-toolchain/bin/../lib/gcc/avr/5.4.0/avr51\libgcc.a(_mulsi3.o)
 .text.libgcc.fmul
                0x00000000        0x0 c:/program files (x86)/atmel/studio/7.0/toolchain/avr8/avr8-gnu-toolchain/bin/../lib/gcc/avr/5.4.0/avr51\libgcc.a(_mulsi3.o)
 .text.libgcc.fixed
                0x00000000        0x0 c:/program files (x86)/atmel/studio/7.0/toolchain/avr8/avr8-gnu-toolchain/bin/../lib/gcc/avr/5.4.0/avr51\libgcc.a(_mulsi3.o)
 .text          0x00000000        0x0 c:/program files (x86)/atmel/studio/7.0/toolchain/avr8/avr8-gnu-toolchain/bin/../lib/gcc/avr/5.4.0/avr51\libgcc.a(_divmodhi4.o)
 .data          0x00000000        0x0 c:/program files (x86)/atmel/studio/7.0/toolchain/avr8/avr8-gnu-toolchain/bin/../lib/gcc/avr/5.4.0/avr51\libgcc.a(_divmodhi4.o)
 .bss           0x00000000        0x0 c:/program files (x86)/atmel/studio/7.0/toolchain/avr8/avr8-gnu-toolchain/bin/../lib/gcc/avr/5.4.0/avr51\libgcc.a(_divmodhi4.o)
 .text.libgcc.mul
                0x00000000        0x0 c:/program files (x86)/atmel/studio/7.0/toolchain/avr8/avr8-gnu-toolchain/bin/../lib/gcc/avr/5.4.0/avr51\libgcc.a(_divmodhi4.o)
 .text.libgcc   0x00000000        0x0 c:/program files (x86)/atmel/studio/7.0/toolchain/avr8/avr8-gnu-toolchain/bin/../lib/gcc/avr/5.4.0/avr51\libgcc.a(_divmodhi4.o)
 .text.libgcc.prologue
                0x00000000        0x0 c:/program files (x86)/atmel/studio/7.0/toolchain/avr8/avr8-gnu-toolchain/bin/../lib/gcc/avr/5.4.0/avr51\libgcc.a(_divmodhi4.o)
 .text.libgcc.builtins
                0x00000000        0x0 c:/program files (x86)/atmel/studio/7.0/toolchain/avr8/avr8-gnu-toolchain/bin/../lib/gcc/avr/5.4.0/avr51\libgcc.a(_divmodhi4.o)
 .text.libgcc.fmul
                0x00000000        0x0 c:/program files (x86)/atmel/studio/7.0/toolchain/avr8/avr8-gnu-toolchain/bin/../lib/gcc/avr/5.4.0/avr51\libgcc.a(_divmodhi4.o)
 .text.libgcc.fixed
                0x00000000        0x0 c:/program files (x86)/atmel/studio/7.0/toolchain/avr8/avr8-gnu-toolchain/bin/../lib/gcc/avr/5.4.0/avr51\libgcc.a(_divmodhi4.o)
 .text          0x00000000        0x0 c:/program files (x86)/atmel/studio/7.0/toolchain/avr8/avr8-gnu-toolchain/bin/../lib/gcc/avr/5.4.0/avr51\libgcc.a(_udivmodsi4.o)
 .data          0x00000000        0x0 c:/program files (x86)/atmel/studio/7.0/toolchain/avr8/avr8-gnu-toolchain/bin/../lib/gcc/avr/5.4.0/avr51\libgcc.a(_udivmodsi4.o)
 .bss           0x00000000        0x0 c:/program files (x86)/atmel/studio/7.0/toolchain/avr8/avr8-gnu-toolchain/bin/../lib/gcc/avr/5.4.0/avr51\libgcc.a(_udivmodsi4.o)
 .text.libgcc.mul
                0x00000000        0x0 c:/program files (x86)/atmel/studio/7.0/toolchain/avr8/avr8-gnu-toolchain/bin/../lib/gcc/avr/5.4.0/avr51\libgcc.a(_udivmodsi4.o)
 .text.libgcc   0x00000000        0x0 c:/program files (x86)/atmel/studio/7.0/toolchain/avr8/avr8-gnu-toolchain/bin/../lib/gcc/avr/5.4.0/avr51\libgcc.a(_udivmodsi4.o)
 .text.libgcc.prologue
                0x00000000        0x0 c:/program files (x86)/atmel/studio/7.0/toolchain/avr8/avr8-gnu-toolchain/bin/../lib/gcc/avr/5.4.0/avr51\libgcc.a(_udivmodsi4.o)
 .text.libgcc.builtins
                0x00000000        0x0 c:/program files (x86)/atmel/studio/7.0/toolchain/avr8/avr8-gnu-toolchain/bin/../lib/gcc/avr/5.4.0/avr51\libgcc.a(_udivmodsi4.o)
 .text.libgcc.fmul
                0x00000000        0x0 c:/program files (x86)/atmel/studio/7.0/toolchain/avr8/avr8-gnu-toolchain/bin/../lib/gcc/avr/5.4.0/avr51\libgcc.a(_udivmodsi4.o)
 .text.libgcc.fixed
                0x00000000        0x0 c:/program files (x86)/atmel/studio/7.0/toolchain/avr8/avr8-gnu-toolchain/bin/../lib/gcc/avr/5.4.0/avr51\libgcc.a(_udivmodsi4.o)
 .text          0x00000000        0x0 c:/program files (x86)/atmel/studio/7.0/toolchain/avr8/avr8-gnu-toolchain/bin/../lib/gcc/avr/5.4.0/avr51\libgcc.a(_divmodsi4.o)
 .data          0x00000000        0x0 c:/program files (x86)/atmel/studio/7.0/toolchain/avr8/avr8-gnu-toolchain/bin/../lib/gcc/avr/5.4.0/avr51\libgcc.a(_divmodsi4.o)
 .bss           0x00000000        0x0 c:/program files (x86)/atmel/studio/7.0/toolchain/avr8/avr8-gnu-toolchain/bin/../lib/gcc/avr/5.4.0/avr51\libgcc.a(_divmodsi4.o)
 .text.libgcc.mul
                0x00000000        0x0 c:/program files (x86)/atmel/studio/7.0/toolchain/avr8/avr8-gnu-toolchain/bin/../lib/gcc/avr/5.4.0/avr51\libgcc.a(_divmodsi4.o)
 .text.libgcc   0x00000000        0x0 c:/program files (x86)/atmel/studio/7.0/toolchain/avr8/avr8-gnu-toolchain/bin/../lib/gcc/avr/5.4.0/avr51\libgcc.a(_divmodsi4.o)
 .text.libgcc.prologue
                0x00000000        0x0 c:/program files (x86)/atmel/studio/7.0/toolchain/avr8/avr8-gnu-toolchain/bin/../lib/gcc/avr/5.4.0/avr51\libgcc.a(_divmodsi4.o)
 .text.libgcc.builtins
                0x00000000        0x0 c:/program files (x86)/atmel/studio/7.0/toolchain/avr8/avr8-gnu-toolchain/bin/../lib/gcc/avr/5.4.0/avr51\libgcc.a(_divmodsi4.o)
 .text.libgcc.fmul
                0x00000000        0x0 c:/program files (x86)/atmel/studio/7.0/toolchain/avr8/avr8-gnu-toolchain/bin/../lib/gcc/avr/5.4.0/avr51\libgcc.a(_divmodsi4.o)
 .text.libgcc.fixed
                0x00000000        0x0 c:/program files (x86)/atmel/studio/7.0/toolchain/avr8/avr8-gnu-toolchain/bin/../lib/gcc/avr/5.4.0/avr51\libgcc.a(_divmodsi4.o)
 .text          0x00000000        0x0 c:/program files (x86)/atmel/studio/7.0/toolchain/avr8/avr8-gnu-toolchain/bin/../lib/gcc/avr/5.4.0/avr51\libgcc.a(_negsi2.o)
 .data          0x00000000        0x0 c:/program files (x86)/atmel/studio/7.0/toolchain/avr8/avr8-gnu-toolchain/bin/../lib/gcc/avr/5.4.0/avr51\libgcc.a(_negsi2.o)
 .bss           0x00000000        0x0 c:/program files (x86)/atmel/studio/7.0/toolchain/avr8/avr8-gnu-toolchain/bin/../lib/gcc/avr/5.4.0/avr51\libgcc.a(_negsi2.o)
 .text.libgcc.mul
                0x00000000        0x0 c:/program files (x86)/atmel/studio/7.0/toolchain/avr8/avr8-gnu-toolchain/bin/../lib/gcc/avr/5.4.0/avr51\libgcc.a(_negsi2.o)
 .text.libgcc   0x00000000        0x0 c:/program files (x86)/atmel/studio/7.0/toolchain/avr8/avr8-gnu-toolchain/bin/../lib/gcc/avr/5.4.0/avr51\libgcc.a(_negsi2.o)
 .text.libgcc.prologue
                0x00000000        0x0 c:/program files (x86)/atmel/studio/7.0/toolchain/avr8/avr8-gnu-toolchain/bin/../lib/gcc/avr/5.4.0/avr51\libgcc.a(_negsi2.o)
 .text.libgcc.builtins
                0x00000000        0x0 c:/program files (x86)/atmel/studio/7.0/toolchain/avr8/avr8-gnu-toolchain/bin/../lib/gcc/avr/5.4.0/avr51\libgcc.a(_negsi2.o)
 .text.libgcc.fmul
                0x00000000        0x0 c:/program files (x86)/atmel/studio/7.0/toolchain/avr8/avr8-gnu-toolchain/bin/../lib/gcc/avr/5.4.0/avr51\libgcc.a(_negsi2.o)
 .text.libgcc.fixed
                0x00000000        0x0 c:/program files (x86)/atmel/studio/7.0/toolchain/avr8/avr8-gnu-toolchain/bin/../lib/gcc/avr/5.4.0/avr51\libgcc.a(_negsi2.o)
 .text          0x00000000        0x0 c:/program files (x86)/atmel/studio/7.0/toolchain/avr8/avr8-gnu-toolchain/bin/../lib/gcc/avr/5.4.0/avr51\libgcc.a(_exit.o)
 .data          0x00000000        0x0 c:/program files (x86)/atmel/studio/7.0/toolchain/avr8/avr8-gnu-toolchain/bin/../lib/gcc/avr/5.4.0/avr51\libgcc.a(_exit.o)
 .bss           0x00000000        0x0 c:/program files (x86)/atmel/studio/7.0/toolchain/avr8/avr8-gnu-toolchain/bin/../lib/gcc/avr/5.4.0/avr51\libgcc.a(_exit.o)
 .text.libgcc.mul
                0x00000000        0x0 c:/program files (x86)/atmel/studio/7.0/toolchain/avr8/avr8-gnu-toolchain/bin/../lib/gcc/avr/5.4.0/avr51\libgcc.a(_exit.o)
 .text.libgcc.div
                0x00000000        0x0 c:/program files (x86)/atmel/studio/7.0/toolchain/avr8/avr8-gnu-toolchain/bin/../lib/gcc/avr/5.4.0/avr51\libgcc.a(_exit.o)
 .text.libgcc   0x00000000        0x0 c:/program files (x86)/atmel/studio/7.0/toolchain/avr8/avr8-gnu-toolchain/bin/../lib/gcc/avr/5.4.0/avr51\libgcc.a(_exit.o)
 .text.libgcc.prologue
                0x00000000        0x0 c:/program files (x86)/atmel/studio/7.0/toolchain/avr8/avr8-gnu-toolchain/bin/../lib/gcc/avr/5.4.0/avr51\libgcc.a(_exit.o)
 .text.libgcc.builtins
                0x00000000        0x0 c:/program files (x86)/atmel/studio/7.0/toolchain/avr8/avr8-gnu-toolchain/bin/../lib/gcc/avr/5.4.0/avr51\libgcc.a(_exit.o)
 .text.libgcc.fmul
                0x00000000        0x0 c:/program files (x86)/atmel/studio/7.0/toolchain/avr8/avr8-gnu-toolchain/bin/../lib/gcc/avr/5.4.0/avr51\libgcc.a(_exit.o)
 .text.libgcc.fixed
                0x00000000        0x0 c:/program files (x86)/atmel/studio/7.0/toolchain/avr8/avr8-gnu-toolchain/bin/../lib/gcc/avr/5.4.0/avr51\libgcc.a(_exit.o)
 .text          0x00000000        0x0 c:/program files (x86)/atmel/studio/7.0/toolchain/avr8/avr8-gnu-toolchain/bin/../lib/gcc/avr/5.4.0/avr51\libgcc.a(_tablejump2.o)
 .data          0x00000000        0x0 c:/program files (x86)/atmel/studio/7.0/toolchain/avr8/avr8-gnu-toolchain/bin/../lib/gcc/avr/5.4.0/avr51\libgcc.a(_tablejump2.o)
 .bss           0x00000000        0x0 c:/program files (x86)/atmel/studio/7.0/toolchain/avr8/avr8-gnu-toolchain/bin/../lib/gcc/avr/5.4.0/avr51\libgcc.a(_tablejump2.o)
 .text.libgcc.mul
                0x00000000        0x0 c:/program files (x86)/atmel/studio/7.0/toolchain/avr8/avr8-gnu-toolchain/bin/../lib/gcc/avr/5.4.0/avr51\libgcc.a(_tablejump2.o)
 .text.libgcc.div
                0x00000000        0x0 c:/program files (x86)/atmel/studio/7.0/toolchain/avr8/avr8-gnu-toolchain/bin/../lib/gcc/avr/5.4.0/avr51\libgcc.a(_tablejump2.o)
 .text.libgcc   0x00000000       0x12 c:/program files (x86)/atmel/studio/7.0/toolchain/avr8/avr8-gnu-toolchain/bin/../lib/gcc/avr/5.4.0/avr51\libgcc.a(_tablejump2.o)
 .text.libgcc.prologue
                0x00000000        0x0 c:/program files (x86)/atmel/studio/7.0/toolchain/avr8/avr8-gnu-toolchain/bin/../lib/gcc/avr/5.4.0/avr51\libgcc.a(_tablejump2.o)
 .text.libgcc.builtins
                0x00000000        0x0 c:/program files (x86)/atmel/studio/7.0/toolchain/avr8/avr8-gnu-toolchain/bin/../lib/gcc/avr/5.4.0/avr51\libgcc.a(_tablejump2.o)
 .text.libgcc.fmul
                0x00000000        0x0 c:/program files (x86)/atmel/studio/7.0/toolchain/avr8/avr8-gnu-toolchain/bin/../lib/gcc/avr/5.4.0/avr51\libgcc.a(_tablejump2.o)
 .text.libgcc.fixed
                0x00000000        0x0 c:/program files (x86)/atmel/studio/7.0/toolchain/avr8/avr8-gnu-toolchain/bin/../lib/gcc/avr/5.4.0/avr51\libgcc.a(_tablejump2.o)
 .text          0x00000000        0x0 c:/program files (x86)/atmel/studio/7.0/toolchain/avr8/avr8-gnu-toolchain/bin/../lib/gcc/avr/5.4.0/avr51\libgcc.a(_copy_data.o)
 .data          0x00000000        0x0 c:/program files (x86)/atmel/studio/7.0/toolchain/avr8/avr8-gnu-toolchain/bin/../lib/gcc/avr/5.4.0/avr51\libgcc.a(_copy_data.o)
 .bss           0x00000000        0x0 c:/program files (x86)/atmel/studio/7.0/toolchain/avr8/avr8-gnu-toolchain/bin/../lib/gcc/avr/5.4.0/avr51\libgcc.a(_copy_data.o)
 .text.libgcc.mul
                0x00000000        0x0 c:/program files (x86)/atmel/studio/7.0/toolchain/avr8/avr8-gnu-toolchain/bin/../lib/gcc/avr/5.4.0/avr51\libgcc.a(_copy_data.o)
 .text.libgcc.div
                0x00000000        0x0 c:/program files (x86)/atmel/studio/7.0/toolchain/avr8/avr8-gnu-toolchain/bin/../lib/gcc/avr/5.4.0/avr51\libgcc.a(_copy_data.o)
 .text.libgcc   0x00000000        0x0 c:/program files (x86)/atmel/studio/7.0/toolchain/avr8/avr8-gnu-toolchain/bin/../lib/gcc/avr/5.4.0/avr51\libgcc.a(_copy_data.o)
 .text.libgcc.prologue
                0x00000000        0x0 c:/program files (x86)/atmel/studio/7.0/toolchain/avr8/avr8-gnu-toolchain/bin/../lib/gcc/avr/5.4.0/avr51\libgcc.a(_copy_data.o)
 .text.libgcc.builtins
                0x00000000        0x0 c:/program files (x86)/atmel/studio/7.0/toolchain/avr8/avr8-gnu-toolchain/bin/../lib/gcc/avr/5.4.0/avr51\libgcc.a(_copy_data.o)
 .text.libgcc.fmul
                0x00000000        0x0 c:/program files (x86)/atmel/studio/7.0/toolchain/avr8/avr8-gnu-toolchain/bin/../lib/gcc/avr/5.4.0/avr51\libgcc.a(_copy_data.o)
 .text.libgcc.fixed
                0x00000000        0x0 c:/program files (x86)/atmel/studio/7.0/toolchain/avr8/avr8-gnu-toolchain/bin/../lib/gcc/avr/5.4.0/avr51\libgcc.a(_copy_data.o)
 .text          0x00000000        0x0 c:/program files (x86)/atmel/studio/7.0/toolchain/avr8/avr8-gnu-toolchain/bin/../lib/gcc/avr/5.4.0/avr51\libgcc.a(_clear_bss.o)
 .data          0x00000000        0x0 c:/program files (x86)/atmel/studio/7.0/toolchain/avr8/avr8-gnu-toolchain/bin/../lib/gcc/avr/5.4.0/avr51\libgcc.a(_clear_bss.o)
 .bss           0x00000000        0x0 c:/program files (x86)/atmel/studio/7.0/toolchain/avr8/avr8-gnu-toolchain/bin/../lib/gcc/avr/5.4.0/avr51\libgcc.a(_clear_bss.o)
 .text.libgcc.mul
                0x00000000        0x0 c:/program files (x86)/atmel/studio/7.0/toolchain/avr8/avr8-gnu-toolchain/bin/../lib/gcc/avr/5.4.0/avr51\libgcc.a(_clear_bss.o)
 .text.libgcc.div
                0x00000000        0x0 c:/program files (x86)/atmel/studio/7.0/toolchain/avr8/avr8-gnu-toolchain/bin/../lib/gcc/avr/5.4.0/avr51\libgcc.a(_clear_bss.o)
 .text.libgcc   0x00000000        0x0 c:/program files (x86)/atmel/studio/7.0/toolchain/avr8/avr8-gnu-toolchain/bin/../lib/gcc/avr/5.4.0/avr51\libgcc.a(_clear_bss.o)
 .text.libgcc.prologue
                0x00000000        0x0 c:/program files (x86)/atmel/studio/7.0/toolchain/avr8/avr8-gnu-toolchain/bin/../lib/gcc/avr/5.4.0/avr51\libgcc.a(_clear_bss.o)
 .text.libgcc.builtins
                0x00000000        0x0 c:/program files (x86)/atmel/studio/7.0/toolchain/avr8/avr8-gnu-toolchain/bin/../lib/gcc/avr/5.4.0/avr51\libgcc.a(_clear_bss.o)
 .text.libgcc.fmul
                0x00000000        0x0 c:/program files (x86)/atmel/studio/7.0/toolchain/avr8/avr8-gnu-toolchain/bin/../lib/gcc/avr/5.4.0/avr51\libgcc.a(_clear_bss.o)
 .text.libgcc.fixed
                0x00000000        0x0 c:/program files (x86)/atmel/studio/7.0/toolchain/avr8/avr8-gnu-toolchain/bin/../lib/gcc/avr/5.4.0/avr51\libgcc.a(_clear_bss.o)
 .text          0x00000000        0x0 c:/program files (x86)/atmel/studio/7.0/toolchain/avr8/avr8-gnu-toolchain/bin/../lib/gcc/avr/5.4.0/avr51\libgcc.a(_umulhisi3.o)
 .data          0x00000000        0x0 c:/program files (x86)/atmel/studio/7.0/toolchain/avr8/avr8-gnu-toolchain/bin/../lib/gcc/avr/5.4.0/avr51\libgcc.a(_umulhisi3.o)
 .bss           0x00000000        0x0 c:/program files (x86)/atmel/studio/7.0/toolchain/avr8/avr8-gnu-toolchain/bin/../lib/gcc/avr/5.4.0/avr51\libgcc.a(_umulhisi3.o)
 .text.libgcc.div
                0x00000000        0x0 c:/program files (x86)/atmel/studio/7.0/toolchain/avr8/avr8-gnu-toolchain/bin/../lib/gcc/avr/5.4.0/avr51\libgcc.a(_umulhisi3.o)
 .text.libgcc   0x00000000        0x0 c:/program files (x86)/atmel/studio/7.0/toolchain/avr8/avr8-gnu-toolchain/bin/../lib/gcc/avr/5.4.0/avr51\libgcc.a(_umulhisi3.o)
 .text.libgcc.prologue
                0x00000000        0x0 c:/program files (x86)/atmel/studio/7.0/toolchain/avr8/avr8-gnu-toolchain/bin/../lib/gcc/avr/5.4.0/avr51\libgcc.a(_umulhisi3.o)
 .text.libgcc.builtins
                0x00000000        0x0 c:/program files (x86)/atmel/studio/7.0/toolchain/avr8/avr8-gnu-toolchain/bin/../lib/gcc/avr/5.4.0/avr51\libgcc.a(_umulhisi3.o)
 .text.libgcc.fmul
                0x00000000        0x0 c:/program files (x86)/atmel/studio/7.0/toolchain/avr8/avr8-gnu-toolchain/bin/../lib/gcc/avr/5.4.0/avr51\libgcc.a(_umulhisi3.o)
 .text.libgcc.fixed
                0x00000000        0x0 c:/program files (x86)/atmel/studio/7.0/toolchain/avr8/avr8-gnu-toolchain/bin/../lib/gcc/avr/5.4.0/avr51\libgcc.a(_umulhisi3.o)
 .text          0x00000000        0x0 c:/program files (x86)/atmel/studio/7.0/toolchain/avr8/avr8-gnu-toolchain/bin/../lib/gcc/avr/5.4.0/avr51\libgcc.a(_muluhisi3.o)
 .data          0x00000000        0x0 c:/program files (x86)/atmel/studio/7.0/toolchain/avr8/avr8-gnu-toolchain/bin/../lib/gcc/avr/5.4.0/avr51\libgcc.a(_muluhisi3.o)
 .bss           0x00000000        0x0 c:/program files (x86)/atmel/studio/7.0/toolchain/avr8/avr8-gnu-toolchain/bin/../lib/gcc/avr/5.4.0/avr51\libgcc.a(_muluhisi3.o)
 .text.libgcc.div
                0x00000000        0x0 c:/program files (x86)/atmel/studio/7.0/toolchain/avr8/avr8-gnu-toolchain/bin/../lib/gcc/avr/5.4.0/avr51\libgcc.a(_muluhisi3.o)
 .text.libgcc   0x00000000        0x0 c:/program files (x86)/atmel/studio/7.0/toolchain/avr8/avr8-gnu-toolchain/bin/../lib/gcc/avr/5.4.0/avr51\libgcc.a(_muluhisi3.o)
 .text.libgcc.prologue
                0x00000000        0x0 c:/program files (x86)/atmel/studio/7.0/toolchain/avr8/avr8-gnu-toolchain/bin/../lib/gcc/avr/5.4.0/avr51\libgcc.a(_muluhisi3.o)
 .text.libgcc.builtins
                0x00000000        0x0 c:/program files (x86)/atmel/studio/7.0/toolchain/avr8/avr8-gnu-toolchain/bin/../lib/gcc/avr/5.4.0/avr51\libgcc.a(_muluhisi3.o)
 .text.libgcc.fmul
                0x00000000        0x0 c:/program files (x86)/atmel/studio/7.0/toolchain/avr8/avr8-gnu-toolchain/bin/../lib/gcc/avr/5.4.0/avr51\libgcc.a(_muluhisi3.o)
 .text.libgcc.fixed
                0x00000000        0x0 c:/program files (x86)/atmel/studio/7.0/toolchain/avr8/avr8-gnu-toolchain/bin/../lib/gcc/avr/5.4.0/avr51\libgcc.a(_muluhisi3.o)
 .text          0x00000000        0x0 c:/program files (x86)/atmel/studio/7.0/toolchain/avr8/avr8-gnu-toolchain/bin/../lib/gcc/avr/5.4.0/avr51\libgcc.a(_udivmodhi4.o)
 .data          0x00000000        0x0 c:/program files (x86)/atmel/studio/7.0/toolchain/avr8/avr8-gnu-toolchain/bin/../lib/gcc/avr/5.4.0/avr51\libgcc.a(_udivmodhi4.o)
 .bss           0x00000000        0x0 c:/program files (x86)/atmel/studio/7.0/toolchain/avr8/avr8-gnu-toolchain/bin/../lib/gcc/avr/5.4.0/avr51\libgcc.a(_udivmodhi4.o)
 .text.libgcc.mul
                0x00000000        0x0 c:/program files (x86)/atmel/studio/7.0/toolchain/avr8/avr8-gnu-toolchain/bin/../lib/gcc/avr/5.4.0/avr51\libgcc.a(_udivmodhi4.o)
 .text.libgcc   0x00000000        0x0 c:/program files (x86)/atmel/studio/7.0/toolchain/avr8/avr8-gnu-toolchain/bin/../lib/gcc/avr/5.4.0/avr51\libgcc.a(_udivmodhi4.o)
 .text.libgcc.prologue
                0x00000000        0x0 c:/program files (x86)/atmel/studio/7.0/toolchain/avr8/avr8-gnu-toolchain/bin/../lib/gcc/avr/5.4.0/avr51\libgcc.a(_udivmodhi4.o)
 .text.libgcc.builtins
                0x00000000        0x0 c:/program files (x86)/atmel/studio/7.0/toolchain/avr8/avr8-gnu-toolchain/bin/../lib/gcc/avr/5.4.0/avr51\libgcc.a(_udivmodhi4.o)
 .text.libgcc.fmul
                0x00000000        0x0 c:/program files (x86)/atmel/studio/7.0/toolchain/avr8/avr8-gnu-toolchain/bin/../lib/gcc/avr/5.4.0/avr51\libgcc.a(_udivmodhi4.o)
 .text.libgcc.fixed
                0x00000000        0x0 c:/program files (x86)/atmel/studio/7.0/toolchain/avr8/avr8-gnu-toolchain/bin/../lib/gcc/avr/5.4.0/avr51\libgcc.a(_udivmodhi4.o)

Memory Configuration

Name             Origin             Length             Attributes
text             0x00000000         0x00020000         xr
data             0x00800100         0x00001000         rw !x
eeprom           0x00810000         0x00001000         rw !x
fuse             0x00820000         0x00000003         rw !x
lock             0x00830000         0x00000400         rw !x
signature        0x00840000         0x00000400         rw !x
user_signatures  0x00850000         0x00000400         rw !x
*default*        0x00000000         0xffffffff

Linker script and memory map

Address of section .data set to 0x800100
LOAD C:/Program Files (x86)/Microchip/MPLABX/v5.40/packs/Microchip/ATmega_DFP/2.2.108/gcc/dev/atmega128/avr51/crtatmega128.o
LOAD build/default/production/librarias/Atmega128API.o
LOAD build/default/production/librarias/lcd.o
LOAD build/default/production/librarias/function.o
LOAD build/default/production/librarias/keypad.o
LOAD build/default/production/main.o
                0x00000001                __MPLAB_BUILD = 0x1
START GROUP
LOAD c:/program files (x86)/atmel/studio/7.0/toolchain/avr8/avr8-gnu-toolchain/bin/../lib/gcc/avr/5.4.0/../../../../avr/lib/avr51\libm.a
END GROUP
START GROUP
LOAD c:/program files (x86)/atmel/studio/7.0/toolchain/avr8/avr8-gnu-toolchain/bin/../lib/gcc/avr/5.4.0/avr51\libgcc.a
LOAD c:/program files (x86)/atmel/studio/7.0/toolchain/avr8/avr8-gnu-toolchain/bin/../lib/gcc/avr/5.4.0/../../../../avr/lib/avr51\libm.a
LOAD c:/program files (x86)/atmel/studio/7.0/toolchain/avr8/avr8-gnu-toolchain/bin/../lib/gcc/avr/5.4.0/../../../../avr/lib/avr51\libc.a
LOAD C:/Program Files (x86)/Microchip/MPLABX/v5.40/packs/Microchip/ATmega_DFP/2.2.108/gcc/dev/atmega128/avr51\libatmega128.a
END GROUP
                0x00000000                __TEXT_REGION_ORIGIN__ = DEFINED (__TEXT_REGION_ORIGIN__)?__TEXT_REGION_ORIGIN__:0x0
                [0x00800100]                __DATA_REGION_ORIGIN__ = DEFINED (__DATA_REGION_ORIGIN__)?__DATA_REGION_ORIGIN__:0x800100
                [0x00020000]                __TEXT_REGION_LENGTH__ = DEFINED (__TEXT_REGION_LENGTH__)?__TEXT_REGION_LENGTH__:0x20000
                [0x00001000]                __DATA_REGION_LENGTH__ = DEFINED (__DATA_REGION_LENGTH__)?__DATA_REGION_LENGTH__:0xff00
                [0x00001000]                __EEPROM_REGION_LENGTH__ = DEFINED (__EEPROM_REGION_LENGTH__)?__EEPROM_REGION_LENGTH__:0x10000
                [0x00000003]                __FUSE_REGION_LENGTH__ = DEFINED (__FUSE_REGION_LENGTH__)?__FUSE_REGION_LENGTH__:0x400
                0x00000400                __LOCK_REGION_LENGTH__ = DEFINED (__LOCK_REGION_LENGTH__)?__LOCK_REGION_LENGTH__:0x400
                0x00000400                __SIGNATURE_REGION_LENGTH__ = DEFINED (__SIGNATURE_REGION_LENGTH__)?__SIGNATURE_REGION_LENGTH__:0x400
                0x00000400                __USER_SIGNATURE_REGION_LENGTH__ = DEFINED (__USER_SIGNATURE_REGION_LENGTH__)?__USER_SIGNATURE_REGION_LENGTH__:0x400

.hash
 *(.hash)

.dynsym
 *(.dynsym)

.dynstr
 *(.dynstr)

.gnu.version
 *(.gnu.version)

.gnu.version_d
 *(.gnu.version_d)

.gnu.version_r
 *(.gnu.version_r)

.rel.init
 *(.rel.init)

.rela.init
 *(.rela.init)

.rel.text
 *(.rel.text)
 *(.rel.text.*)
 *(.rel.gnu.linkonce.t*)

.rela.text
 *(.rela.text)
 *(.rela.text.*)
 *(.rela.gnu.linkonce.t*)

.rel.fini
 *(.rel.fini)

.rela.fini
 *(.rela.fini)

.rel.rodata
 *(.rel.rodata)
 *(.rel.rodata.*)
 *(.rel.gnu.linkonce.r*)

.rela.rodata
 *(.rela.rodata)
 *(.rela.rodata.*)
 *(.rela.gnu.linkonce.r*)

.rel.data
 *(.rel.data)
 *(.rel.data.*)
 *(.rel.gnu.linkonce.d*)

.rela.data
 *(.rela.data)
 *(.rela.data.*)
 *(.rela.gnu.linkonce.d*)

.rel.ctors
 *(.rel.ctors)

.rela.ctors
 *(.rela.ctors)

.rel.dtors
 *(.rel.dtors)

.rela.dtors
 *(.rela.dtors)

.rel.got
 *(.rel.got)

.rela.got
 *(.rela.got)

.rel.bss
 *(.rel.bss)

.rela.bss
 *(.rela.bss)

.rel.plt
 *(.rel.plt)

.rela.plt
 *(.rela.plt)

.text           0x00000000     0x1a02
 *(.vectors)
 .vectors       0x00000000       0x8c C:/Program Files (x86)/Microchip/MPLABX/v5.40/packs/Microchip/ATmega_DFP/2.2.108/gcc/dev/atmega128/avr51/crtatmega128.o
                0x00000000                __vector_default
                0x00000000                __vectors
 *(.vectors)
 *(.progmem.gcc*)
                0x0000008c                . = ALIGN (0x2)
                0x0000008c                __trampolines_start = .
 *(.trampolines)
 .trampolines   0x0000008c        0x0 linker stubs
 *(.trampolines*)
                0x0000008c                __trampolines_end = .
 *libprintf_flt.a:*(.progmem.data)
 *libc.a:*(.progmem.data)
 *(.progmem*)
                0x0000008c                . = ALIGN (0x2)
 *(.jumptables)
 *(.jumptables*)
 *(.lowtext)
 *(.lowtext*)
                0x0000008c                __ctors_start = .
 *(.ctors)
                0x0000008c                __ctors_end = .
                0x0000008c                __dtors_start = .
 *(.dtors)
                0x0000008c                __dtors_end = .
 SORT(*)(.ctors)
 SORT(*)(.dtors)
 *(.init0)
 .init0         0x0000008c        0x0 C:/Program Files (x86)/Microchip/MPLABX/v5.40/packs/Microchip/ATmega_DFP/2.2.108/gcc/dev/atmega128/avr51/crtatmega128.o
                0x0000008c                __init
 *(.init0)
 *(.init1)
 *(.init1)
 *(.init2)
 .init2         0x0000008c        0xc C:/Program Files (x86)/Microchip/MPLABX/v5.40/packs/Microchip/ATmega_DFP/2.2.108/gcc/dev/atmega128/avr51/crtatmega128.o
 *(.init2)
 *(.init3)
 *(.init3)
 *(.init4)
 .init4         0x00000098       0x1a c:/program files (x86)/atmel/studio/7.0/toolchain/avr8/avr8-gnu-toolchain/bin/../lib/gcc/avr/5.4.0/avr51\libgcc.a(_copy_data.o)
                0x00000098                __do_copy_data
 .init4         0x000000b2       0x10 c:/program files (x86)/atmel/studio/7.0/toolchain/avr8/avr8-gnu-toolchain/bin/../lib/gcc/avr/5.4.0/avr51\libgcc.a(_clear_bss.o)
                0x000000b2                __do_clear_bss
 *(.init4)
 *(.init5)
 *(.init5)
 *(.init6)
 *(.init6)
 *(.init7)
 *(.init7)
 *(.init8)
 *(.init8)
 *(.init9)
 .init9         0x000000c2        0x8 C:/Program Files (x86)/Microchip/MPLABX/v5.40/packs/Microchip/ATmega_DFP/2.2.108/gcc/dev/atmega128/avr51/crtatmega128.o
 *(.init9)
 *(.text)
 .text          0x000000ca        0x4 C:/Program Files (x86)/Microchip/MPLABX/v5.40/packs/Microchip/ATmega_DFP/2.2.108/gcc/dev/atmega128/avr51/crtatmega128.o
                0x000000ca                __vector_22
                0x000000ca                __vector_28
                0x000000ca                __vector_1
                0x000000ca                __vector_32
                0x000000ca                __vector_34
                0x000000ca                __vector_24
                0x000000ca                __vector_12
                0x000000ca                __bad_interrupt
                0x000000ca                __vector_6
                0x000000ca                __vector_3
                0x000000ca                __vector_23
                0x000000ca                __vector_25
                0x000000ca                __vector_11
                0x000000ca                __vector_13
                0x000000ca                __vector_17
                0x000000ca                __vector_7
                0x000000ca                __vector_27
                0x000000ca                __vector_5
                0x000000ca                __vector_33
                0x000000ca                __vector_4
                0x000000ca                __vector_9
                0x000000ca                __vector_2
                0x000000ca                __vector_15
                0x000000ca                __vector_29
                0x000000ca                __vector_8
                0x000000ca                __vector_26
                0x000000ca                __vector_14
                0x000000ca                __vector_10
                0x000000ca                __vector_20
                0x000000ce                . = ALIGN (0x2)
 *(.text.*)
 .text.TIMER_COUNTER0_start
                0x000000ce       0x8a build/default/production/librarias/Atmega128API.o
                0x000000ce                TIMER_COUNTER0_start
 .text.TIMER_COUNTER0_compoutmode
                0x00000158       0x2a build/default/production/librarias/Atmega128API.o
                0x00000158                TIMER_COUNTER0_compoutmode
 .text.TIMER_COUNTER0_compare
                0x00000182        0x4 build/default/production/librarias/Atmega128API.o
                0x00000182                TIMER_COUNTER0_compare
 .text.TIMER_COUNTER0_stop
                0x00000186        0xe build/default/production/librarias/Atmega128API.o
                0x00000186                TIMER_COUNTER0_stop
 .text.__vector_21
                0x00000194      0x10a build/default/production/librarias/Atmega128API.o
                0x00000194                __vector_21
 .text.TIMER_COUNTER0enable
                0x0000029e       0x84 build/default/production/librarias/Atmega128API.o
                0x0000029e                TIMER_COUNTER0enable
 .text.__vector_18
                0x00000322       0x70 build/default/production/librarias/Atmega128API.o
                0x00000322                __vector_18
 .text.__vector_19
                0x00000392       0x52 build/default/production/librarias/Atmega128API.o
                0x00000392                __vector_19
 .text.__vector_30
                0x000003e4       0x76 build/default/production/librarias/Atmega128API.o
                0x000003e4                __vector_30
 .text.__vector_31
                0x0000045a       0x60 build/default/production/librarias/Atmega128API.o
                0x0000045a                __vector_31
 .text.LCD0_write
                0x000004ba      0x188 build/default/production/librarias/lcd.o
                0x000004ba                LCD0_write
 .text.LCD0_read
                0x00000642       0xf6 build/default/production/librarias/lcd.o
                0x00000642                LCD0_read
 .text.LCD0_BF  0x00000738       0x28 build/default/production/librarias/lcd.o
                0x00000738                LCD0_BF
 .text.LCD0_putch
                0x00000760        0xe build/default/production/librarias/lcd.o
                0x00000760                LCD0_putch
 .text.LCD0_getch
                0x0000076e       0x16 build/default/production/librarias/lcd.o
                0x0000076e                LCD0_getch
 .text.LCD0_string
                0x00000784       0x26 build/default/production/librarias/lcd.o
                0x00000784                LCD0_string
 .text.LCD0_string_size
                0x000007aa       0x66 build/default/production/librarias/lcd.o
                0x000007aa                LCD0_string_size
 .text.LCD0_hspace
                0x00000810       0x1e build/default/production/librarias/lcd.o
                0x00000810                LCD0_hspace
 .text.LCD0_gotoxy
                0x0000082e       0x5e build/default/production/librarias/lcd.o
                0x0000082e                LCD0_gotoxy
 .text.LCD0_clear
                0x0000088c       0x18 build/default/production/librarias/lcd.o
                0x0000088c                LCD0_clear
 .text.LCD0_inic
                0x000008a4       0x98 build/default/production/librarias/lcd.o
                0x000008a4                LCD0_inic
 .text.LCD0enable
                0x0000093c       0xb0 build/default/production/librarias/lcd.o
                0x0000093c                LCD0enable
 .text.LCD0_reboot
                0x000009ec       0x24 build/default/production/librarias/lcd.o
                0x000009ec                LCD0_reboot
 .text.FUNCpinmatch
                0x00000a10       0x14 build/default/production/librarias/function.o
                0x00000a10                FUNCpinmatch
 .text.FUNChmerge
                0x00000a24        0x4 build/default/production/librarias/function.o
                0x00000a24                FUNChmerge
 .text.FUNClmerge
                0x00000a28        0x4 build/default/production/librarias/function.o
                0x00000a28                FUNClmerge
 .text.FUNChh   0x00000a2c        0x4 build/default/production/librarias/function.o
                0x00000a2c                FUNChh
 .text.FUNCll   0x00000a30        0x6 build/default/production/librarias/function.o
                0x00000a30                FUNCll
 .text.FUNClh   0x00000a36        0x6 build/default/production/librarias/function.o
                0x00000a36                FUNClh
 .text.FUNChl   0x00000a3c        0x6 build/default/production/librarias/function.o
                0x00000a3c                FUNChl
 .text.FUNCdiff
                0x00000a42        0x4 build/default/production/librarias/function.o
                0x00000a42                FUNCdiff
 .text.FUNCswap
                0x00000a46       0x42 build/default/production/librarias/function.o
                0x00000a46                FUNCswap
 .text.FUNCcopy
                0x00000a88       0x1c build/default/production/librarias/function.o
                0x00000a88                FUNCcopy
 .text.FUNCsqueeze
                0x00000aa4       0x44 build/default/production/librarias/function.o
                0x00000aa4                FUNCsqueeze
 .text.FUNCshellsort
                0x00000ae8      0x14c build/default/production/librarias/function.o
                0x00000ae8                FUNCshellsort
 .text.FUNCpmax
                0x00000c34        0xa build/default/production/librarias/function.o
                0x00000c34                FUNCpmax
 .text.FUNCgcd  0x00000c3e       0x1e build/default/production/librarias/function.o
                0x00000c3e                FUNCgcd
 .text.FUNCstrToInt
                0x00000c5c       0x48 build/default/production/librarias/function.o
                0x00000c5c                FUNCstrToInt
 .text.FUNCfilter
                0x00000ca4        0x4 build/default/production/librarias/function.o
                0x00000ca4                FUNCfilter
 .text.FUNCticks
                0x00000ca8       0x14 build/default/production/librarias/function.o
                0x00000ca8                FUNCticks
 .text.FUNCtwocomptoint8bit
                0x00000cbc       0x1a build/default/production/librarias/function.o
                0x00000cbc                FUNCtwocomptoint8bit
 .text.FUNCtwocomptoint10bit
                0x00000cd6       0x18 build/default/production/librarias/function.o
                0x00000cd6                FUNCtwocomptoint10bit
 .text.FUNCtwocomptointnbit
                0x00000cee       0x30 build/default/production/librarias/function.o
                0x00000cee                FUNCtwocomptointnbit
 .text.FUNCdec2bcd
                0x00000d1e       0x26 build/default/production/librarias/function.o
                0x00000d1e                FUNCdec2bcd
 .text.FUNCbcd2dec
                0x00000d44       0x16 build/default/production/librarias/function.o
                0x00000d44                FUNCbcd2dec
 .text.FUNCresizestr
                0x00000d5a       0x5a build/default/production/librarias/function.o
                0x00000d5a                FUNCresizestr
 .text.FUNCtrimmer
                0x00000db4       0x82 build/default/production/librarias/function.o
                0x00000db4                FUNCtrimmer
 .text.Power    0x00000e36       0x36 build/default/production/librarias/function.o
                0x00000e36                Power
 .text.StringLength
                0x00000e6c       0x1e build/default/production/librarias/function.o
                0x00000e6c                StringLength
 .text.FUNCtrim
                0x00000e8a       0x38 build/default/production/librarias/function.o
                0x00000e8a                FUNCtrim
 .text.Reverse  0x00000ec2       0x3c build/default/production/librarias/function.o
                0x00000ec2                Reverse
 .text.FUNCi32toa
                0x00000efe       0xb8 build/default/production/librarias/function.o
                0x00000efe                FUNCi32toa
 .text.FUNCi16toa
                0x00000fb6       0x74 build/default/production/librarias/function.o
                0x00000fb6                FUNCi16toa
 .text.FUNCui16toa
                0x0000102a       0x7e build/default/production/librarias/function.o
                0x0000102a                FUNCui16toa
 .text.FUNCbcd2bin
                0x000010a8       0x16 build/default/production/librarias/function.o
                0x000010a8                FUNCbcd2bin
 .text.FUNCbin2bcd
                0x000010be       0x42 build/default/production/librarias/function.o
                0x000010be                FUNCbin2bcd
 .text.FUNCgcd1
                0x00001100       0xa2 build/default/production/librarias/function.o
                0x00001100                FUNCgcd1
 .text.FUNCpincheck
                0x000011a2       0x10 build/default/production/librarias/function.o
                0x000011a2                FUNCpincheck
 .text.FUNCprint_binary
                0x000011b2       0x2c build/default/production/librarias/function.o
                0x000011b2                FUNCprint_binary
 .text.FUNCmayia
                0x000011de       0x46 build/default/production/librarias/function.o
                0x000011de                FUNCmayia
 .text.FUNCenable
                0x00001224      0x14e build/default/production/librarias/function.o
                0x00001224                FUNCenable
 .text.KEYPAD_flush
                0x00001372       0x1c build/default/production/librarias/keypad.o
                0x00001372                KEYPAD_flush
 .text.KEYPAD_getkey
                0x0000138e      0x25a build/default/production/librarias/keypad.o
                0x0000138e                KEYPAD_getkey
 .text.KEYPAD_get
                0x000015e8       0x48 build/default/production/librarias/keypad.o
                0x000015e8                KEYPAD_get
 .text.KEYPADenable
                0x00001630       0xb0 build/default/production/librarias/keypad.o
                0x00001630                KEYPADenable
 .text.PORTINIT
                0x000016e0       0x12 build/default/production/main.o
                0x000016e0                PORTINIT
 .text.main     0x000016f2      0x1ba build/default/production/main.o
                0x000016f2                main
 .text.__vector_16
                0x000018ac       0x2c build/default/production/main.o
                0x000018ac                __vector_16
 .text.libgcc.mul
                0x000018d8       0x20 c:/program files (x86)/atmel/studio/7.0/toolchain/avr8/avr8-gnu-toolchain/bin/../lib/gcc/avr/5.4.0/avr51\libgcc.a(_mulsi3.o)
                0x000018d8                __mulsi3
 .text.libgcc.div
                0x000018f8       0x28 c:/program files (x86)/atmel/studio/7.0/toolchain/avr8/avr8-gnu-toolchain/bin/../lib/gcc/avr/5.4.0/avr51\libgcc.a(_divmodhi4.o)
                0x000018f8                _div
                0x000018f8                __divmodhi4
 .text.libgcc.div
                0x00001920       0x44 c:/program files (x86)/atmel/studio/7.0/toolchain/avr8/avr8-gnu-toolchain/bin/../lib/gcc/avr/5.4.0/avr51\libgcc.a(_udivmodsi4.o)
                0x00001920                __udivmodsi4
 .text.libgcc.div
                0x00001964       0x2e c:/program files (x86)/atmel/studio/7.0/toolchain/avr8/avr8-gnu-toolchain/bin/../lib/gcc/avr/5.4.0/avr51\libgcc.a(_divmodsi4.o)
                0x00001964                __divmodsi4
 .text.libgcc.div
                0x00001992       0x10 c:/program files (x86)/atmel/studio/7.0/toolchain/avr8/avr8-gnu-toolchain/bin/../lib/gcc/avr/5.4.0/avr51\libgcc.a(_negsi2.o)
                0x00001992                __negsi2
 .text.libgcc.mul
                0x000019a2       0x1e c:/program files (x86)/atmel/studio/7.0/toolchain/avr8/avr8-gnu-toolchain/bin/../lib/gcc/avr/5.4.0/avr51\libgcc.a(_umulhisi3.o)
                0x000019a2                __umulhisi3
 .text.libgcc.mul
                0x000019c0       0x16 c:/program files (x86)/atmel/studio/7.0/toolchain/avr8/avr8-gnu-toolchain/bin/../lib/gcc/avr/5.4.0/avr51\libgcc.a(_muluhisi3.o)
                0x000019c0                __muluhisi3
 .text.libgcc.div
                0x000019d6       0x28 c:/program files (x86)/atmel/studio/7.0/toolchain/avr8/avr8-gnu-toolchain/bin/../lib/gcc/avr/5.4.0/avr51\libgcc.a(_udivmodhi4.o)
                0x000019d6                __udivmodhi4
                0x000019fe                . = ALIGN (0x2)
 *(.fini9)
 .fini9         0x000019fe        0x0 c:/program files (x86)/atmel/studio/7.0/toolchain/avr8/avr8-gnu-toolchain/bin/../lib/gcc/avr/5.4.0/avr51\libgcc.a(_exit.o)
                0x000019fe                _exit
                0x000019fe                exit
 *(.fini9)
 *(.fini8)
 *(.fini8)
 *(.fini7)
 *(.fini7)
 *(.fini6)
 *(.fini6)
 *(.fini5)
 *(.fini5)
 *(.fini4)
 *(.fini4)
 *(.fini3)
 *(.fini3)
 *(.fini2)
 *(.fini2)
 *(.fini1)
 *(.fini1)
 *(.fini0)
 .fini0         0x000019fe        0x4 c:/program files (x86)/atmel/studio/7.0/toolchain/avr8/avr8-gnu-toolchain/bin/../lib/gcc/avr/5.4.0/avr51\libgcc.a(_exit.o)
 *(.fini0)
                0x00001a02                _etext = .

.data           0x00800100       0x1c load address 0x00001a02
                0x00800100                PROVIDE (__data_start, .)
 *(.data)
 *(.data*)
 .data.keypadvalue
                0x00800100       0x10 build/default/production/librarias/keypad.o
                0x00800100                keypadvalue
 *(.gnu.linkonce.d*)
 *(.rodata)
 *(.rodata*)
 .rodata.str1.1
                0x00800110        0xc build/default/production/main.o
 *(.gnu.linkonce.r*)
                0x0080011c                . = ALIGN (0x2)
                0x0080011c                _edata = .
                0x0080011c                PROVIDE (__data_end, .)

.bss            0x0080011c      0x145
                0x0080011c                PROVIDE (__bss_start, .)
 *(.bss)
 *(.bss*)
 .bss.UART1_LastRxError
                0x0080011c        0x1 build/default/production/librarias/Atmega128API.o
 .bss.UART1_RxTail
                0x0080011d        0x1 build/default/production/librarias/Atmega128API.o
 .bss.UART1_RxHead
                0x0080011e        0x1 build/default/production/librarias/Atmega128API.o
 .bss.UART1_TxTail
                0x0080011f        0x1 build/default/production/librarias/Atmega128API.o
 .bss.UART1_TxHead
                0x00800120        0x1 build/default/production/librarias/Atmega128API.o
 .bss.UART1_RxBuf
                0x00800121       0x20 build/default/production/librarias/Atmega128API.o
 .bss.UART1_TxBuf
                0x00800141       0x20 build/default/production/librarias/Atmega128API.o
 .bss.UART_LastRxError
                0x00800161        0x1 build/default/production/librarias/Atmega128API.o
 .bss.UART_RxTail
                0x00800162        0x1 build/default/production/librarias/Atmega128API.o
 .bss.UART_RxHead
                0x00800163        0x1 build/default/production/librarias/Atmega128API.o
 .bss.UART_TxTail
                0x00800164        0x1 build/default/production/librarias/Atmega128API.o
 .bss.UART_TxHead
                0x00800165        0x1 build/default/production/librarias/Atmega128API.o
 .bss.UART_RxBuf
                0x00800166       0x20 build/default/production/librarias/Atmega128API.o
 .bss.UART_TxBuf
                0x00800186       0x20 build/default/production/librarias/Atmega128API.o
 .bss.adc_n_sample
                0x008001a6        0x1 build/default/production/librarias/Atmega128API.o
 .bss.adc_tmp   0x008001a7        0x2 build/default/production/librarias/Atmega128API.o
 .bss.adc_sample
                0x008001a9        0x2 build/default/production/librarias/Atmega128API.o
 .bss.ADC_SELECTOR
                0x008001ab        0x2 build/default/production/librarias/Atmega128API.o
 .bss.ADC_N_CHANNEL
                0x008001ad        0x2 build/default/production/librarias/Atmega128API.o
 .bss.ADC_CHANNEL_GAIN
                0x008001af       0x10 build/default/production/librarias/Atmega128API.o
 .bss.ADC_VALUE
                0x008001bf       0x10 build/default/production/librarias/Atmega128API.o
 *(COMMON)
 COMMON         0x008001cf       0x4a build/default/production/librarias/Atmega128API.o
                0x008001cf                uart_msg
                0x008001ef                timer1_state
                0x008001f0                uart1_index
                0x008001f2                timer3_state
                0x008001f3                uart1_msg
                0x00800213                timer2_state
                0x00800214                uart_index
                0x00800216                twi_chip_id
                0x00800217                i2c_output
                0x00800218                timer0_state
 COMMON         0x00800219        0xe build/default/production/librarias/lcd.o
                0x00800219                lcd0_PIN
                0x0080021b                lcd1_DDR
                0x0080021d                lcd1_detect
                0x0080021e                lcd1_PIN
                0x00800220                lcd0_DDR
                0x00800222                lcd0_detect
                0x00800223                lcd0_PORT
                0x00800225                lcd1_PORT
 COMMON         0x00800227       0x14 build/default/production/librarias/function.o
                0x00800227                FUNCstr
 COMMON         0x0080023b       0x25 build/default/production/librarias/keypad.o
                0x0080023b                keypad_PORT
                0x0080023d                keypad_dataf
                0x00800241                keypad_datai
                0x00800245                KEYPADSTRINGINDEX
                0x00800246                keypad_PIN
                0x00800248                data
                0x0080025e                keypad_DDR
 COMMON         0x00800260        0x1 build/default/production/main.o
                0x00800260                count
                0x00800261                PROVIDE (__bss_end, .)
                0x00001a02                __data_load_start = LOADADDR (.data)
                0x00001a1e                __data_load_end = (__data_load_start + SIZEOF (.data))

.noinit         0x00800261        0x0
                [!provide]                PROVIDE (__noinit_start, .)
 *(.noinit*)
                [!provide]                PROVIDE (__noinit_end, .)
                0x00800261                _end = .
                [!provide]                PROVIDE (__heap_start, .)

.eeprom         0x00810000        0x0
 *(.eeprom*)
                0x00810000                __eeprom_end = .

.fuse
 *(.fuse)
 *(.lfuse)
 *(.hfuse)
 *(.efuse)

.lock
 *(.lock*)

.signature
 *(.signature*)

.user_signatures
 *(.user_signatures*)

.stab
 *(.stab)

.stabstr
 *(.stabstr)

.stab.excl
 *(.stab.excl)

.stab.exclstr
 *(.stab.exclstr)

.stab.index
 *(.stab.index)

.stab.indexstr
 *(.stab.indexstr)

.comment        0x00000000       0x30
 *(.comment)
 .comment       0x00000000       0x30 build/default/production/librarias/Atmega128API.o
                                 0x31 (size before relaxing)
 .comment       0x00000030       0x31 build/default/production/librarias/lcd.o
 .comment       0x00000030       0x31 build/default/production/librarias/function.o
 .comment       0x00000030       0x31 build/default/production/librarias/keypad.o
 .comment       0x00000030       0x31 build/default/production/main.o

.note.gnu.avr.deviceinfo
                0x00000000       0x3c
 .note.gnu.avr.deviceinfo
                0x00000000       0x3c C:/Program Files (x86)/Microchip/MPLABX/v5.40/packs/Microchip/ATmega_DFP/2.2.108/gcc/dev/atmega128/avr51/crtatmega128.o

.note.gnu.build-id
 *(.note.gnu.build-id)

.debug
 *(.debug)

.line
 *(.line)

.debug_srcinfo
 *(.debug_srcinfo)

.debug_sfnames
 *(.debug_sfnames)

.debug_aranges
 *(.debug_aranges)

.debug_pubnames
 *(.debug_pubnames)

.debug_info     0x00000000      0x780
 *(.debug_info .gnu.linkonce.wi.*)
 .debug_info    0x00000000      0x780 C:/Program Files (x86)/Microchip/MPLABX/v5.40/packs/Microchip/ATmega_DFP/2.2.108/gcc/dev/atmega128/avr51/crtatmega128.o

.debug_abbrev   0x00000000      0x718
 *(.debug_abbrev)
 .debug_abbrev  0x00000000      0x718 C:/Program Files (x86)/Microchip/MPLABX/v5.40/packs/Microchip/ATmega_DFP/2.2.108/gcc/dev/atmega128/avr51/crtatmega128.o

.debug_line     0x00000000      0x16a
 *(.debug_line .debug_line.* .debug_line_end)
 .debug_line    0x00000000      0x16a C:/Program Files (x86)/Microchip/MPLABX/v5.40/packs/Microchip/ATmega_DFP/2.2.108/gcc/dev/atmega128/avr51/crtatmega128.o

.debug_frame
 *(.debug_frame)

.debug_str      0x00000000      0x27d
 *(.debug_str)
 .debug_str     0x00000000      0x27d C:/Program Files (x86)/Microchip/MPLABX/v5.40/packs/Microchip/ATmega_DFP/2.2.108/gcc/dev/atmega128/avr51/crtatmega128.o

.debug_loc
 *(.debug_loc)

.debug_macinfo
 *(.debug_macinfo)

.debug_weaknames
 *(.debug_weaknames)

.debug_funcnames
 *(.debug_funcnames)

.debug_typenames
 *(.debug_typenames)

.debug_varnames
 *(.debug_varnames)

.debug_pubtypes
 *(.debug_pubtypes)

.debug_ranges
 *(.debug_ranges)

.debug_macro
 *(.debug_macro)
OUTPUT(dist/default/production/Atmega128Mplab_1.X.production.elf elf32-avr)
LOAD linker stubs
