Archive member included to satisfy reference by file (symbol)

c:/program files (x86)/atmel/studio/7.0/toolchain/avr8/avr8-gnu-toolchain/bin/../lib/gcc/avr/5.4.0/avr51\libgcc.a(_divmodhi4.o)
                              build/default/production/librarias/Atmega128API.o (__divmodhi4)
c:/program files (x86)/atmel/studio/7.0/toolchain/avr8/avr8-gnu-toolchain/bin/../lib/gcc/avr/5.4.0/avr51\libgcc.a(_udivmodsi4.o)
                              build/default/production/librarias/Atmega128API.o (__udivmodsi4)
c:/program files (x86)/atmel/studio/7.0/toolchain/avr8/avr8-gnu-toolchain/bin/../lib/gcc/avr/5.4.0/avr51\libgcc.a(_exit.o)
                              C:/Program Files (x86)/Microchip/MPLABX/v5.40/packs/Microchip/ATmega_DFP/2.2.108/gcc/dev/atmega128/avr51/crtatmega128.o (exit)
c:/program files (x86)/atmel/studio/7.0/toolchain/avr8/avr8-gnu-toolchain/bin/../lib/gcc/avr/5.4.0/avr51\libgcc.a(_tablejump2.o)
                              build/default/production/librarias/Atmega128API.o (__tablejump2__)
c:/program files (x86)/atmel/studio/7.0/toolchain/avr8/avr8-gnu-toolchain/bin/../lib/gcc/avr/5.4.0/avr51\libgcc.a(_copy_data.o)
                              build/default/production/librarias/Atmega128API.o (__do_copy_data)
c:/program files (x86)/atmel/studio/7.0/toolchain/avr8/avr8-gnu-toolchain/bin/../lib/gcc/avr/5.4.0/avr51\libgcc.a(_clear_bss.o)
                              build/default/production/librarias/Atmega128API.o (__do_clear_bss)
c:/program files (x86)/atmel/studio/7.0/toolchain/avr8/avr8-gnu-toolchain/bin/../lib/gcc/avr/5.4.0/avr51\libgcc.a(_udivmodhi4.o)
                              c:/program files (x86)/atmel/studio/7.0/toolchain/avr8/avr8-gnu-toolchain/bin/../lib/gcc/avr/5.4.0/avr51\libgcc.a(_divmodhi4.o) (__udivmodhi4)

Allocating common symbols
Common symbol       size              file

lcd0_PIN            0x2               build/default/production/librarias/lcd.o
uart_msg            0x20              build/default/production/librarias/Atmega128API.o
timer1_state        0x1               build/default/production/librarias/Atmega128API.o
lcd1_DDR            0x2               build/default/production/librarias/lcd.o
lcd1_detect         0x1               build/default/production/librarias/lcd.o
lcd1_PIN            0x2               build/default/production/librarias/lcd.o
lcd0_DDR            0x2               build/default/production/librarias/lcd.o
lcd0_detect         0x1               build/default/production/librarias/lcd.o
uart1_index         0x2               build/default/production/librarias/Atmega128API.o
timer3_state        0x1               build/default/production/librarias/Atmega128API.o
uart1_msg           0x20              build/default/production/librarias/Atmega128API.o
timer2_state        0x1               build/default/production/librarias/Atmega128API.o
uart_index          0x2               build/default/production/librarias/Atmega128API.o
lcd0_PORT           0x2               build/default/production/librarias/lcd.o
twi_chip_id         0x1               build/default/production/librarias/Atmega128API.o
lcd1_PORT           0x2               build/default/production/librarias/lcd.o
i2c_output          0x1               build/default/production/librarias/Atmega128API.o
timer0_state        0x1               build/default/production/librarias/Atmega128API.o

Discarded input sections

 .data          0x00000000        0x0 C:/Program Files (x86)/Microchip/MPLABX/v5.40/packs/Microchip/ATmega_DFP/2.2.108/gcc/dev/atmega128/avr51/crtatmega128.o
 .bss           0x00000000        0x0 C:/Program Files (x86)/Microchip/MPLABX/v5.40/packs/Microchip/ATmega_DFP/2.2.108/gcc/dev/atmega128/avr51/crtatmega128.o
 .text          0x00000000        0x0 build/default/production/librarias/Atmega128API.o
 .data          0x00000000        0x0 build/default/production/librarias/Atmega128API.o
 .bss           0x00000000        0x0 build/default/production/librarias/Atmega128API.o
 .text.ANALOG_read
                0x00000000       0x14 build/default/production/librarias/Atmega128API.o
 .text.INTERRUPT_reset_status
                0x00000000       0x5a build/default/production/librarias/Atmega128API.o
 .text.INTERRUPT_set
                0x00000000      0x1d0 build/default/production/librarias/Atmega128API.o
 .progmem.gcc_sw_table.INTERRUPT_set
                0x00000000       0x10 build/default/production/librarias/Atmega128API.o
 .text.INTERRUPT_off
                0x00000000       0x56 build/default/production/librarias/Atmega128API.o
 .progmem.gcc_sw_table.INTERRUPT_off
                0x00000000       0x10 build/default/production/librarias/Atmega128API.o
 .text.spi_transfer_sync
                0x00000000       0x2c build/default/production/librarias/Atmega128API.o
 .text.spi_transmit_sync
                0x00000000       0x24 build/default/production/librarias/Atmega128API.o
 .text.spi_fast_shift
                0x00000000        0xa build/default/production/librarias/Atmega128API.o
 .text.TIMER_COUNTER0_start
                0x00000000       0x8a build/default/production/librarias/Atmega128API.o
 .text.TIMER_COUNTER0_compoutmode
                0x00000000       0x2a build/default/production/librarias/Atmega128API.o
 .text.TIMER_COUNTER0_compare
                0x00000000        0x4 build/default/production/librarias/Atmega128API.o
 .text.TIMER_COUNTER0_stop
                0x00000000        0xe build/default/production/librarias/Atmega128API.o
 .text.TIMER_COUNTER1_start
                0x00000000       0x8e build/default/production/librarias/Atmega128API.o
 .text.TIMER_COUNTER1_compoutmodeA
                0x00000000       0x2a build/default/production/librarias/Atmega128API.o
 .text.TIMER_COUNTER1_compoutmodeB
                0x00000000       0x2a build/default/production/librarias/Atmega128API.o
 .text.TIMER_COUNTER1_compoutmodeC
                0x00000000       0x2a build/default/production/librarias/Atmega128API.o
 .text.TIMER_COUNTER1_compareA
                0x00000000        0x6 build/default/production/librarias/Atmega128API.o
 .text.TIMER_COUNTER1_compareB
                0x00000000        0x6 build/default/production/librarias/Atmega128API.o
 .text.TIMER_COUNTER1_compareC
                0x00000000        0xa build/default/production/librarias/Atmega128API.o
 .text.TIMER_COUNTER1_stop
                0x00000000       0x10 build/default/production/librarias/Atmega128API.o
 .text.TIMER_COUNTER2_start
                0x00000000       0x8a build/default/production/librarias/Atmega128API.o
 .text.TIMER_COUNTER2_compoutmode
                0x00000000       0x2a build/default/production/librarias/Atmega128API.o
 .text.TIMER_COUNTER2_compare
                0x00000000        0x4 build/default/production/librarias/Atmega128API.o
 .text.TIMER_COUNTER2_stop
                0x00000000        0xe build/default/production/librarias/Atmega128API.o
 .text.TIMER_COUNTER3_start
                0x00000000       0xb6 build/default/production/librarias/Atmega128API.o
 .text.TIMER_COUNTER3_compoutmodeA
                0x00000000       0x36 build/default/production/librarias/Atmega128API.o
 .text.TIMER_COUNTER3_compoutmodeB
                0x00000000       0x36 build/default/production/librarias/Atmega128API.o
 .text.TIMER_COUNTER3_compoutmodeC
                0x00000000       0x36 build/default/production/librarias/Atmega128API.o
 .text.TIMER_COUNTER3_compareA
                0x00000000        0xa build/default/production/librarias/Atmega128API.o
 .text.TIMER_COUNTER3_compareB
                0x00000000        0xa build/default/production/librarias/Atmega128API.o
 .text.TIMER_COUNTER3_compareC
                0x00000000        0xa build/default/production/librarias/Atmega128API.o
 .text.TIMER_COUNTER3_stop
                0x00000000       0x18 build/default/production/librarias/Atmega128API.o
 .text.uart_getc
                0x00000000       0x3a build/default/production/librarias/Atmega128API.o
 .text.uart_available
                0x00000000       0x1a build/default/production/librarias/Atmega128API.o
 .text.uart_flush
                0x00000000        0xa build/default/production/librarias/Atmega128API.o
 .text.uart1_getc
                0x00000000       0x3a build/default/production/librarias/Atmega128API.o
 .text.uart1_available
                0x00000000       0x1a build/default/production/librarias/Atmega128API.o
 .text.uart1_flush
                0x00000000        0xa build/default/production/librarias/Atmega128API.o
 .text.ANALOGenable
                0x00000000      0x12c build/default/production/librarias/Atmega128API.o
 .text.INTERRUPTenable
                0x00000000       0x44 build/default/production/librarias/Atmega128API.o
 .text.SPIenable
                0x00000000      0x10c build/default/production/librarias/Atmega128API.o
 .text.spi_default
                0x00000000       0x16 build/default/production/librarias/Atmega128API.o
 .text.TIMER_COUNTER0enable
                0x00000000       0x84 build/default/production/librarias/Atmega128API.o
 .text.TIMER_COUNTER1enable
                0x00000000      0x1ec build/default/production/librarias/Atmega128API.o
 .progmem.gcc_sw_table.TIMER_COUNTER1enable
                0x00000000       0x36 build/default/production/librarias/Atmega128API.o
 .text.TIMER_COUNTER2enable
                0x00000000       0x7e build/default/production/librarias/Atmega128API.o
 .text.TIMER_COUNTER3enable
                0x00000000      0x264 build/default/production/librarias/Atmega128API.o
 .progmem.gcc_sw_table.TIMER_COUNTER3enable
                0x00000000       0x36 build/default/production/librarias/Atmega128API.o
 .text.I2Cenable
                0x00000000       0xe0 build/default/production/librarias/Atmega128API.o
 .text.twi_transmit
                0x00000000       0x48 build/default/production/librarias/Atmega128API.o
 .text.twi_stop
                0x00000000       0x2c build/default/production/librarias/Atmega128API.o
 .text.twi_status
                0x00000000        0x8 build/default/production/librarias/Atmega128API.o
 .text.twi_poll
                0x00000000       0x28 build/default/production/librarias/Atmega128API.o
 .text.twi_start
                0x00000000       0x24 build/default/production/librarias/Atmega128API.o
 .text.twi_master_connect
                0x00000000       0x36 build/default/production/librarias/Atmega128API.o
 .text.twi_master_write
                0x00000000       0x38 build/default/production/librarias/Atmega128API.o
 .text.twi_master_read
                0x00000000       0xa0 build/default/production/librarias/Atmega128API.o
 .text.UARTenable
                0x00000000      0x1d6 build/default/production/librarias/Atmega128API.o
 .text.UART_Rx_pop
                0x00000000       0x2a build/default/production/librarias/Atmega128API.o
 .rodata.str1.1
                0x00000000        0x6 build/default/production/librarias/Atmega128API.o
 .text.uart_read
                0x00000000       0x5a build/default/production/librarias/Atmega128API.o
 .text.UART_Tx_push
                0x00000000       0x26 build/default/production/librarias/Atmega128API.o
 .text.uart_putc
                0x00000000        0x8 build/default/production/librarias/Atmega128API.o
 .text.uart_puts
                0x00000000       0x1e build/default/production/librarias/Atmega128API.o
 .text.uart_puts_p
                0x00000000       0x24 build/default/production/librarias/Atmega128API.o
 .text.UART1enable
                0x00000000      0x210 build/default/production/librarias/Atmega128API.o
 .text.UART1_Rx_pop
                0x00000000       0x2a build/default/production/librarias/Atmega128API.o
 .text.uart1_read
                0x00000000       0x5a build/default/production/librarias/Atmega128API.o
 .text.UART1_Tx_push
                0x00000000       0x26 build/default/production/librarias/Atmega128API.o
 .text.uart1_putc
                0x00000000       0x10 build/default/production/librarias/Atmega128API.o
 .text.uart1_puts
                0x00000000       0x1e build/default/production/librarias/Atmega128API.o
 .text.uart1_puts_p
                0x00000000       0x24 build/default/production/librarias/Atmega128API.o
 COMMON         0x00000000       0x4a build/default/production/librarias/Atmega128API.o
 .text          0x00000000        0x0 build/default/production/librarias/lcd.o
 .data          0x00000000        0x0 build/default/production/librarias/lcd.o
 .bss           0x00000000        0x0 build/default/production/librarias/lcd.o
 .text.LCD1_write
                0x00000000      0x188 build/default/production/librarias/lcd.o
 .text.LCD1_read
                0x00000000       0xf6 build/default/production/librarias/lcd.o
 .text.LCD1_BF  0x00000000       0x28 build/default/production/librarias/lcd.o
 .text.LCD1_putch
                0x00000000        0xe build/default/production/librarias/lcd.o
 .text.LCD1_getch
                0x00000000       0x16 build/default/production/librarias/lcd.o
 .text.LCD1_string
                0x00000000       0x26 build/default/production/librarias/lcd.o
 .text.LCD1_string_size
                0x00000000       0x66 build/default/production/librarias/lcd.o
 .text.LCD1_hspace
                0x00000000       0x1e build/default/production/librarias/lcd.o
 .text.LCD1_clear
                0x00000000       0x10 build/default/production/librarias/lcd.o
 .text.LCD1_gotoxy
                0x00000000       0x5e build/default/production/librarias/lcd.o
 .text.LCD0_strobe
                0x00000000       0x1e build/default/production/librarias/lcd.o
 .text.LCD1_inic
                0x00000000       0xa6 build/default/production/librarias/lcd.o
 .text.LCD1enable
                0x00000000       0xb0 build/default/production/librarias/lcd.o
 .text.LCD1_reboot
                0x00000000       0x24 build/default/production/librarias/lcd.o
 .text.LCD1_strobe
                0x00000000       0x1e build/default/production/librarias/lcd.o
 .text.LCD_ticks
                0x00000000       0x14 build/default/production/librarias/lcd.o
 .text          0x00000000        0x0 build/default/production/main.o
 .data          0x00000000        0x0 build/default/production/main.o
 .bss           0x00000000        0x0 build/default/production/main.o
 .text          0x00000000        0x0 c:/program files (x86)/atmel/studio/7.0/toolchain/avr8/avr8-gnu-toolchain/bin/../lib/gcc/avr/5.4.0/avr51\libgcc.a(_divmodhi4.o)
 .data          0x00000000        0x0 c:/program files (x86)/atmel/studio/7.0/toolchain/avr8/avr8-gnu-toolchain/bin/../lib/gcc/avr/5.4.0/avr51\libgcc.a(_divmodhi4.o)
 .bss           0x00000000        0x0 c:/program files (x86)/atmel/studio/7.0/toolchain/avr8/avr8-gnu-toolchain/bin/../lib/gcc/avr/5.4.0/avr51\libgcc.a(_divmodhi4.o)
 .text.libgcc.mul
                0x00000000        0x0 c:/program files (x86)/atmel/studio/7.0/toolchain/avr8/avr8-gnu-toolchain/bin/../lib/gcc/avr/5.4.0/avr51\libgcc.a(_divmodhi4.o)
 .text.libgcc.div
                0x00000000       0x28 c:/program files (x86)/atmel/studio/7.0/toolchain/avr8/avr8-gnu-toolchain/bin/../lib/gcc/avr/5.4.0/avr51\libgcc.a(_divmodhi4.o)
 .text.libgcc   0x00000000        0x0 c:/program files (x86)/atmel/studio/7.0/toolchain/avr8/avr8-gnu-toolchain/bin/../lib/gcc/avr/5.4.0/avr51\libgcc.a(_divmodhi4.o)
 .text.libgcc.prologue
                0x00000000        0x0 c:/program files (x86)/atmel/studio/7.0/toolchain/avr8/avr8-gnu-toolchain/bin/../lib/gcc/avr/5.4.0/avr51\libgcc.a(_divmodhi4.o)
 .text.libgcc.builtins
                0x00000000        0x0 c:/program files (x86)/atmel/studio/7.0/toolchain/avr8/avr8-gnu-toolchain/bin/../lib/gcc/avr/5.4.0/avr51\libgcc.a(_divmodhi4.o)
 .text.libgcc.fmul
                0x00000000        0x0 c:/program files (x86)/atmel/studio/7.0/toolchain/avr8/avr8-gnu-toolchain/bin/../lib/gcc/avr/5.4.0/avr51\libgcc.a(_divmodhi4.o)
 .text.libgcc.fixed
                0x00000000        0x0 c:/program files (x86)/atmel/studio/7.0/toolchain/avr8/avr8-gnu-toolchain/bin/../lib/gcc/avr/5.4.0/avr51\libgcc.a(_divmodhi4.o)
 .text          0x00000000        0x0 c:/program files (x86)/atmel/studio/7.0/toolchain/avr8/avr8-gnu-toolchain/bin/../lib/gcc/avr/5.4.0/avr51\libgcc.a(_udivmodsi4.o)
 .data          0x00000000        0x0 c:/program files (x86)/atmel/studio/7.0/toolchain/avr8/avr8-gnu-toolchain/bin/../lib/gcc/avr/5.4.0/avr51\libgcc.a(_udivmodsi4.o)
 .bss           0x00000000        0x0 c:/program files (x86)/atmel/studio/7.0/toolchain/avr8/avr8-gnu-toolchain/bin/../lib/gcc/avr/5.4.0/avr51\libgcc.a(_udivmodsi4.o)
 .text.libgcc.mul
                0x00000000        0x0 c:/program files (x86)/atmel/studio/7.0/toolchain/avr8/avr8-gnu-toolchain/bin/../lib/gcc/avr/5.4.0/avr51\libgcc.a(_udivmodsi4.o)
 .text.libgcc.div
                0x00000000       0x44 c:/program files (x86)/atmel/studio/7.0/toolchain/avr8/avr8-gnu-toolchain/bin/../lib/gcc/avr/5.4.0/avr51\libgcc.a(_udivmodsi4.o)
 .text.libgcc   0x00000000        0x0 c:/program files (x86)/atmel/studio/7.0/toolchain/avr8/avr8-gnu-toolchain/bin/../lib/gcc/avr/5.4.0/avr51\libgcc.a(_udivmodsi4.o)
 .text.libgcc.prologue
                0x00000000        0x0 c:/program files (x86)/atmel/studio/7.0/toolchain/avr8/avr8-gnu-toolchain/bin/../lib/gcc/avr/5.4.0/avr51\libgcc.a(_udivmodsi4.o)
 .text.libgcc.builtins
                0x00000000        0x0 c:/program files (x86)/atmel/studio/7.0/toolchain/avr8/avr8-gnu-toolchain/bin/../lib/gcc/avr/5.4.0/avr51\libgcc.a(_udivmodsi4.o)
 .text.libgcc.fmul
                0x00000000        0x0 c:/program files (x86)/atmel/studio/7.0/toolchain/avr8/avr8-gnu-toolchain/bin/../lib/gcc/avr/5.4.0/avr51\libgcc.a(_udivmodsi4.o)
 .text.libgcc.fixed
                0x00000000        0x0 c:/program files (x86)/atmel/studio/7.0/toolchain/avr8/avr8-gnu-toolchain/bin/../lib/gcc/avr/5.4.0/avr51\libgcc.a(_udivmodsi4.o)
 .text          0x00000000        0x0 c:/program files (x86)/atmel/studio/7.0/toolchain/avr8/avr8-gnu-toolchain/bin/../lib/gcc/avr/5.4.0/avr51\libgcc.a(_exit.o)
 .data          0x00000000        0x0 c:/program files (x86)/atmel/studio/7.0/toolchain/avr8/avr8-gnu-toolchain/bin/../lib/gcc/avr/5.4.0/avr51\libgcc.a(_exit.o)
 .bss           0x00000000        0x0 c:/program files (x86)/atmel/studio/7.0/toolchain/avr8/avr8-gnu-toolchain/bin/../lib/gcc/avr/5.4.0/avr51\libgcc.a(_exit.o)
 .text.libgcc.mul
                0x00000000        0x0 c:/program files (x86)/atmel/studio/7.0/toolchain/avr8/avr8-gnu-toolchain/bin/../lib/gcc/avr/5.4.0/avr51\libgcc.a(_exit.o)
 .text.libgcc.div
                0x00000000        0x0 c:/program files (x86)/atmel/studio/7.0/toolchain/avr8/avr8-gnu-toolchain/bin/../lib/gcc/avr/5.4.0/avr51\libgcc.a(_exit.o)
 .text.libgcc   0x00000000        0x0 c:/program files (x86)/atmel/studio/7.0/toolchain/avr8/avr8-gnu-toolchain/bin/../lib/gcc/avr/5.4.0/avr51\libgcc.a(_exit.o)
 .text.libgcc.prologue
                0x00000000        0x0 c:/program files (x86)/atmel/studio/7.0/toolchain/avr8/avr8-gnu-toolchain/bin/../lib/gcc/avr/5.4.0/avr51\libgcc.a(_exit.o)
 .text.libgcc.builtins
                0x00000000        0x0 c:/program files (x86)/atmel/studio/7.0/toolchain/avr8/avr8-gnu-toolchain/bin/../lib/gcc/avr/5.4.0/avr51\libgcc.a(_exit.o)
 .text.libgcc.fmul
                0x00000000        0x0 c:/program files (x86)/atmel/studio/7.0/toolchain/avr8/avr8-gnu-toolchain/bin/../lib/gcc/avr/5.4.0/avr51\libgcc.a(_exit.o)
 .text.libgcc.fixed
                0x00000000        0x0 c:/program files (x86)/atmel/studio/7.0/toolchain/avr8/avr8-gnu-toolchain/bin/../lib/gcc/avr/5.4.0/avr51\libgcc.a(_exit.o)
 .text          0x00000000        0x0 c:/program files (x86)/atmel/studio/7.0/toolchain/avr8/avr8-gnu-toolchain/bin/../lib/gcc/avr/5.4.0/avr51\libgcc.a(_tablejump2.o)
 .data          0x00000000        0x0 c:/program files (x86)/atmel/studio/7.0/toolchain/avr8/avr8-gnu-toolchain/bin/../lib/gcc/avr/5.4.0/avr51\libgcc.a(_tablejump2.o)
 .bss           0x00000000        0x0 c:/program files (x86)/atmel/studio/7.0/toolchain/avr8/avr8-gnu-toolchain/bin/../lib/gcc/avr/5.4.0/avr51\libgcc.a(_tablejump2.o)
 .text.libgcc.mul
                0x00000000        0x0 c:/program files (x86)/atmel/studio/7.0/toolchain/avr8/avr8-gnu-toolchain/bin/../lib/gcc/avr/5.4.0/avr51\libgcc.a(_tablejump2.o)
 .text.libgcc.div
                0x00000000        0x0 c:/program files (x86)/atmel/studio/7.0/toolchain/avr8/avr8-gnu-toolchain/bin/../lib/gcc/avr/5.4.0/avr51\libgcc.a(_tablejump2.o)
 .text.libgcc   0x00000000       0x12 c:/program files (x86)/atmel/studio/7.0/toolchain/avr8/avr8-gnu-toolchain/bin/../lib/gcc/avr/5.4.0/avr51\libgcc.a(_tablejump2.o)
 .text.libgcc.prologue
                0x00000000        0x0 c:/program files (x86)/atmel/studio/7.0/toolchain/avr8/avr8-gnu-toolchain/bin/../lib/gcc/avr/5.4.0/avr51\libgcc.a(_tablejump2.o)
 .text.libgcc.builtins
                0x00000000        0x0 c:/program files (x86)/atmel/studio/7.0/toolchain/avr8/avr8-gnu-toolchain/bin/../lib/gcc/avr/5.4.0/avr51\libgcc.a(_tablejump2.o)
 .text.libgcc.fmul
                0x00000000        0x0 c:/program files (x86)/atmel/studio/7.0/toolchain/avr8/avr8-gnu-toolchain/bin/../lib/gcc/avr/5.4.0/avr51\libgcc.a(_tablejump2.o)
 .text.libgcc.fixed
                0x00000000        0x0 c:/program files (x86)/atmel/studio/7.0/toolchain/avr8/avr8-gnu-toolchain/bin/../lib/gcc/avr/5.4.0/avr51\libgcc.a(_tablejump2.o)
 .text          0x00000000        0x0 c:/program files (x86)/atmel/studio/7.0/toolchain/avr8/avr8-gnu-toolchain/bin/../lib/gcc/avr/5.4.0/avr51\libgcc.a(_copy_data.o)
 .data          0x00000000        0x0 c:/program files (x86)/atmel/studio/7.0/toolchain/avr8/avr8-gnu-toolchain/bin/../lib/gcc/avr/5.4.0/avr51\libgcc.a(_copy_data.o)
 .bss           0x00000000        0x0 c:/program files (x86)/atmel/studio/7.0/toolchain/avr8/avr8-gnu-toolchain/bin/../lib/gcc/avr/5.4.0/avr51\libgcc.a(_copy_data.o)
 .text.libgcc.mul
                0x00000000        0x0 c:/program files (x86)/atmel/studio/7.0/toolchain/avr8/avr8-gnu-toolchain/bin/../lib/gcc/avr/5.4.0/avr51\libgcc.a(_copy_data.o)
 .text.libgcc.div
                0x00000000        0x0 c:/program files (x86)/atmel/studio/7.0/toolchain/avr8/avr8-gnu-toolchain/bin/../lib/gcc/avr/5.4.0/avr51\libgcc.a(_copy_data.o)
 .text.libgcc   0x00000000        0x0 c:/program files (x86)/atmel/studio/7.0/toolchain/avr8/avr8-gnu-toolchain/bin/../lib/gcc/avr/5.4.0/avr51\libgcc.a(_copy_data.o)
 .text.libgcc.prologue
                0x00000000        0x0 c:/program files (x86)/atmel/studio/7.0/toolchain/avr8/avr8-gnu-toolchain/bin/../lib/gcc/avr/5.4.0/avr51\libgcc.a(_copy_data.o)
 .text.libgcc.builtins
                0x00000000        0x0 c:/program files (x86)/atmel/studio/7.0/toolchain/avr8/avr8-gnu-toolchain/bin/../lib/gcc/avr/5.4.0/avr51\libgcc.a(_copy_data.o)
 .text.libgcc.fmul
                0x00000000        0x0 c:/program files (x86)/atmel/studio/7.0/toolchain/avr8/avr8-gnu-toolchain/bin/../lib/gcc/avr/5.4.0/avr51\libgcc.a(_copy_data.o)
 .text.libgcc.fixed
                0x00000000        0x0 c:/program files (x86)/atmel/studio/7.0/toolchain/avr8/avr8-gnu-toolchain/bin/../lib/gcc/avr/5.4.0/avr51\libgcc.a(_copy_data.o)
 .text          0x00000000        0x0 c:/program files (x86)/atmel/studio/7.0/toolchain/avr8/avr8-gnu-toolchain/bin/../lib/gcc/avr/5.4.0/avr51\libgcc.a(_clear_bss.o)
 .data          0x00000000        0x0 c:/program files (x86)/atmel/studio/7.0/toolchain/avr8/avr8-gnu-toolchain/bin/../lib/gcc/avr/5.4.0/avr51\libgcc.a(_clear_bss.o)
 .bss           0x00000000        0x0 c:/program files (x86)/atmel/studio/7.0/toolchain/avr8/avr8-gnu-toolchain/bin/../lib/gcc/avr/5.4.0/avr51\libgcc.a(_clear_bss.o)
 .text.libgcc.mul
                0x00000000        0x0 c:/program files (x86)/atmel/studio/7.0/toolchain/avr8/avr8-gnu-toolchain/bin/../lib/gcc/avr/5.4.0/avr51\libgcc.a(_clear_bss.o)
 .text.libgcc.div
                0x00000000        0x0 c:/program files (x86)/atmel/studio/7.0/toolchain/avr8/avr8-gnu-toolchain/bin/../lib/gcc/avr/5.4.0/avr51\libgcc.a(_clear_bss.o)
 .text.libgcc   0x00000000        0x0 c:/program files (x86)/atmel/studio/7.0/toolchain/avr8/avr8-gnu-toolchain/bin/../lib/gcc/avr/5.4.0/avr51\libgcc.a(_clear_bss.o)
 .text.libgcc.prologue
                0x00000000        0x0 c:/program files (x86)/atmel/studio/7.0/toolchain/avr8/avr8-gnu-toolchain/bin/../lib/gcc/avr/5.4.0/avr51\libgcc.a(_clear_bss.o)
 .text.libgcc.builtins
                0x00000000        0x0 c:/program files (x86)/atmel/studio/7.0/toolchain/avr8/avr8-gnu-toolchain/bin/../lib/gcc/avr/5.4.0/avr51\libgcc.a(_clear_bss.o)
 .text.libgcc.fmul
                0x00000000        0x0 c:/program files (x86)/atmel/studio/7.0/toolchain/avr8/avr8-gnu-toolchain/bin/../lib/gcc/avr/5.4.0/avr51\libgcc.a(_clear_bss.o)
 .text.libgcc.fixed
                0x00000000        0x0 c:/program files (x86)/atmel/studio/7.0/toolchain/avr8/avr8-gnu-toolchain/bin/../lib/gcc/avr/5.4.0/avr51\libgcc.a(_clear_bss.o)
 .text          0x00000000        0x0 c:/program files (x86)/atmel/studio/7.0/toolchain/avr8/avr8-gnu-toolchain/bin/../lib/gcc/avr/5.4.0/avr51\libgcc.a(_udivmodhi4.o)
 .data          0x00000000        0x0 c:/program files (x86)/atmel/studio/7.0/toolchain/avr8/avr8-gnu-toolchain/bin/../lib/gcc/avr/5.4.0/avr51\libgcc.a(_udivmodhi4.o)
 .bss           0x00000000        0x0 c:/program files (x86)/atmel/studio/7.0/toolchain/avr8/avr8-gnu-toolchain/bin/../lib/gcc/avr/5.4.0/avr51\libgcc.a(_udivmodhi4.o)
 .text.libgcc.mul
                0x00000000        0x0 c:/program files (x86)/atmel/studio/7.0/toolchain/avr8/avr8-gnu-toolchain/bin/../lib/gcc/avr/5.4.0/avr51\libgcc.a(_udivmodhi4.o)
 .text.libgcc.div
                0x00000000       0x28 c:/program files (x86)/atmel/studio/7.0/toolchain/avr8/avr8-gnu-toolchain/bin/../lib/gcc/avr/5.4.0/avr51\libgcc.a(_udivmodhi4.o)
 .text.libgcc   0x00000000        0x0 c:/program files (x86)/atmel/studio/7.0/toolchain/avr8/avr8-gnu-toolchain/bin/../lib/gcc/avr/5.4.0/avr51\libgcc.a(_udivmodhi4.o)
 .text.libgcc.prologue
                0x00000000        0x0 c:/program files (x86)/atmel/studio/7.0/toolchain/avr8/avr8-gnu-toolchain/bin/../lib/gcc/avr/5.4.0/avr51\libgcc.a(_udivmodhi4.o)
 .text.libgcc.builtins
                0x00000000        0x0 c:/program files (x86)/atmel/studio/7.0/toolchain/avr8/avr8-gnu-toolchain/bin/../lib/gcc/avr/5.4.0/avr51\libgcc.a(_udivmodhi4.o)
 .text.libgcc.fmul
                0x00000000        0x0 c:/program files (x86)/atmel/studio/7.0/toolchain/avr8/avr8-gnu-toolchain/bin/../lib/gcc/avr/5.4.0/avr51\libgcc.a(_udivmodhi4.o)
 .text.libgcc.fixed
                0x00000000        0x0 c:/program files (x86)/atmel/studio/7.0/toolchain/avr8/avr8-gnu-toolchain/bin/../lib/gcc/avr/5.4.0/avr51\libgcc.a(_udivmodhi4.o)

Memory Configuration

Name             Origin             Length             Attributes
text             0x00000000         0x00020000         xr
data             0x00800100         0x00001000         rw !x
eeprom           0x00810000         0x00001000         rw !x
fuse             0x00820000         0x00000003         rw !x
lock             0x00830000         0x00000400         rw !x
signature        0x00840000         0x00000400         rw !x
user_signatures  0x00850000         0x00000400         rw !x
*default*        0x00000000         0xffffffff

Linker script and memory map

Address of section .data set to 0x800100
LOAD C:/Program Files (x86)/Microchip/MPLABX/v5.40/packs/Microchip/ATmega_DFP/2.2.108/gcc/dev/atmega128/avr51/crtatmega128.o
LOAD build/default/production/librarias/Atmega128API.o
LOAD build/default/production/librarias/lcd.o
LOAD build/default/production/main.o
                0x00000001                __MPLAB_BUILD = 0x1
START GROUP
LOAD c:/program files (x86)/atmel/studio/7.0/toolchain/avr8/avr8-gnu-toolchain/bin/../lib/gcc/avr/5.4.0/../../../../avr/lib/avr51\libm.a
END GROUP
START GROUP
LOAD c:/program files (x86)/atmel/studio/7.0/toolchain/avr8/avr8-gnu-toolchain/bin/../lib/gcc/avr/5.4.0/avr51\libgcc.a
LOAD c:/program files (x86)/atmel/studio/7.0/toolchain/avr8/avr8-gnu-toolchain/bin/../lib/gcc/avr/5.4.0/../../../../avr/lib/avr51\libm.a
LOAD c:/program files (x86)/atmel/studio/7.0/toolchain/avr8/avr8-gnu-toolchain/bin/../lib/gcc/avr/5.4.0/../../../../avr/lib/avr51\libc.a
LOAD C:/Program Files (x86)/Microchip/MPLABX/v5.40/packs/Microchip/ATmega_DFP/2.2.108/gcc/dev/atmega128/avr51\libatmega128.a
END GROUP
                0x00000000                __TEXT_REGION_ORIGIN__ = DEFINED (__TEXT_REGION_ORIGIN__)?__TEXT_REGION_ORIGIN__:0x0
                [0x00800100]                __DATA_REGION_ORIGIN__ = DEFINED (__DATA_REGION_ORIGIN__)?__DATA_REGION_ORIGIN__:0x800100
                [0x00020000]                __TEXT_REGION_LENGTH__ = DEFINED (__TEXT_REGION_LENGTH__)?__TEXT_REGION_LENGTH__:0x20000
                [0x00001000]                __DATA_REGION_LENGTH__ = DEFINED (__DATA_REGION_LENGTH__)?__DATA_REGION_LENGTH__:0xff00
                [0x00001000]                __EEPROM_REGION_LENGTH__ = DEFINED (__EEPROM_REGION_LENGTH__)?__EEPROM_REGION_LENGTH__:0x10000
                [0x00000003]                __FUSE_REGION_LENGTH__ = DEFINED (__FUSE_REGION_LENGTH__)?__FUSE_REGION_LENGTH__:0x400
                0x00000400                __LOCK_REGION_LENGTH__ = DEFINED (__LOCK_REGION_LENGTH__)?__LOCK_REGION_LENGTH__:0x400
                0x00000400                __SIGNATURE_REGION_LENGTH__ = DEFINED (__SIGNATURE_REGION_LENGTH__)?__SIGNATURE_REGION_LENGTH__:0x400
                0x00000400                __USER_SIGNATURE_REGION_LENGTH__ = DEFINED (__USER_SIGNATURE_REGION_LENGTH__)?__USER_SIGNATURE_REGION_LENGTH__:0x400

.hash
 *(.hash)

.dynsym
 *(.dynsym)

.dynstr
 *(.dynstr)

.gnu.version
 *(.gnu.version)

.gnu.version_d
 *(.gnu.version_d)

.gnu.version_r
 *(.gnu.version_r)

.rel.init
 *(.rel.init)

.rela.init
 *(.rela.init)

.rel.text
 *(.rel.text)
 *(.rel.text.*)
 *(.rel.gnu.linkonce.t*)

.rela.text
 *(.rela.text)
 *(.rela.text.*)
 *(.rela.gnu.linkonce.t*)

.rel.fini
 *(.rel.fini)

.rela.fini
 *(.rela.fini)

.rel.rodata
 *(.rel.rodata)
 *(.rel.rodata.*)
 *(.rel.gnu.linkonce.r*)

.rela.rodata
 *(.rela.rodata)
 *(.rela.rodata.*)
 *(.rela.gnu.linkonce.r*)

.rel.data
 *(.rel.data)
 *(.rel.data.*)
 *(.rel.gnu.linkonce.d*)

.rela.data
 *(.rela.data)
 *(.rela.data.*)
 *(.rela.gnu.linkonce.d*)

.rel.ctors
 *(.rel.ctors)

.rela.ctors
 *(.rela.ctors)

.rel.dtors
 *(.rel.dtors)

.rela.dtors
 *(.rela.dtors)

.rel.got
 *(.rel.got)

.rela.got
 *(.rela.got)

.rel.bss
 *(.rel.bss)

.rela.bss
 *(.rela.bss)

.rel.plt
 *(.rel.plt)

.rela.plt
 *(.rela.plt)

.text           0x00000000      0x954
 *(.vectors)
 .vectors       0x00000000       0x8c C:/Program Files (x86)/Microchip/MPLABX/v5.40/packs/Microchip/ATmega_DFP/2.2.108/gcc/dev/atmega128/avr51/crtatmega128.o
                0x00000000                __vector_default
                0x00000000                __vectors
 *(.vectors)
 *(.progmem.gcc*)
                0x0000008c                . = ALIGN (0x2)
                0x0000008c                __trampolines_start = .
 *(.trampolines)
 .trampolines   0x0000008c        0x0 linker stubs
 *(.trampolines*)
                0x0000008c                __trampolines_end = .
 *libprintf_flt.a:*(.progmem.data)
 *libc.a:*(.progmem.data)
 *(.progmem*)
                0x0000008c                . = ALIGN (0x2)
 *(.jumptables)
 *(.jumptables*)
 *(.lowtext)
 *(.lowtext*)
                0x0000008c                __ctors_start = .
 *(.ctors)
                0x0000008c                __ctors_end = .
                0x0000008c                __dtors_start = .
 *(.dtors)
                0x0000008c                __dtors_end = .
 SORT(*)(.ctors)
 SORT(*)(.dtors)
 *(.init0)
 .init0         0x0000008c        0x0 C:/Program Files (x86)/Microchip/MPLABX/v5.40/packs/Microchip/ATmega_DFP/2.2.108/gcc/dev/atmega128/avr51/crtatmega128.o
                0x0000008c                __init
 *(.init0)
 *(.init1)
 *(.init1)
 *(.init2)
 .init2         0x0000008c        0xc C:/Program Files (x86)/Microchip/MPLABX/v5.40/packs/Microchip/ATmega_DFP/2.2.108/gcc/dev/atmega128/avr51/crtatmega128.o
 *(.init2)
 *(.init3)
 *(.init3)
 *(.init4)
 .init4         0x00000098       0x1a c:/program files (x86)/atmel/studio/7.0/toolchain/avr8/avr8-gnu-toolchain/bin/../lib/gcc/avr/5.4.0/avr51\libgcc.a(_copy_data.o)
                0x00000098                __do_copy_data
 .init4         0x000000b2       0x10 c:/program files (x86)/atmel/studio/7.0/toolchain/avr8/avr8-gnu-toolchain/bin/../lib/gcc/avr/5.4.0/avr51\libgcc.a(_clear_bss.o)
                0x000000b2                __do_clear_bss
 *(.init4)
 *(.init5)
 *(.init5)
 *(.init6)
 *(.init6)
 *(.init7)
 *(.init7)
 *(.init8)
 *(.init8)
 *(.init9)
 .init9         0x000000c2        0x8 C:/Program Files (x86)/Microchip/MPLABX/v5.40/packs/Microchip/ATmega_DFP/2.2.108/gcc/dev/atmega128/avr51/crtatmega128.o
 *(.init9)
 *(.text)
 .text          0x000000ca        0x4 C:/Program Files (x86)/Microchip/MPLABX/v5.40/packs/Microchip/ATmega_DFP/2.2.108/gcc/dev/atmega128/avr51/crtatmega128.o
                0x000000ca                __vector_22
                0x000000ca                __vector_28
                0x000000ca                __vector_1
                0x000000ca                __vector_32
                0x000000ca                __vector_34
                0x000000ca                __vector_24
                0x000000ca                __vector_12
                0x000000ca                __bad_interrupt
                0x000000ca                __vector_6
                0x000000ca                __vector_3
                0x000000ca                __vector_23
                0x000000ca                __vector_25
                0x000000ca                __vector_11
                0x000000ca                __vector_13
                0x000000ca                __vector_17
                0x000000ca                __vector_7
                0x000000ca                __vector_27
                0x000000ca                __vector_5
                0x000000ca                __vector_33
                0x000000ca                __vector_4
                0x000000ca                __vector_9
                0x000000ca                __vector_2
                0x000000ca                __vector_15
                0x000000ca                __vector_29
                0x000000ca                __vector_8
                0x000000ca                __vector_26
                0x000000ca                __vector_14
                0x000000ca                __vector_10
                0x000000ca                __vector_16
                0x000000ca                __vector_20
                0x000000ce                . = ALIGN (0x2)
 *(.text.*)
 .text.__vector_21
                0x000000ce      0x10a build/default/production/librarias/Atmega128API.o
                0x000000ce                __vector_21
 .text.__vector_18
                0x000001d8       0x70 build/default/production/librarias/Atmega128API.o
                0x000001d8                __vector_18
 .text.__vector_19
                0x00000248       0x52 build/default/production/librarias/Atmega128API.o
                0x00000248                __vector_19
 .text.__vector_30
                0x0000029a       0x76 build/default/production/librarias/Atmega128API.o
                0x0000029a                __vector_30
 .text.__vector_31
                0x00000310       0x60 build/default/production/librarias/Atmega128API.o
                0x00000310                __vector_31
 .text.LCD0_write
                0x00000370      0x188 build/default/production/librarias/lcd.o
                0x00000370                LCD0_write
 .text.LCD0_read
                0x000004f8       0xf6 build/default/production/librarias/lcd.o
                0x000004f8                LCD0_read
 .text.LCD0_BF  0x000005ee       0x28 build/default/production/librarias/lcd.o
                0x000005ee                LCD0_BF
 .text.LCD0_putch
                0x00000616        0xe build/default/production/librarias/lcd.o
                0x00000616                LCD0_putch
 .text.LCD0_getch
                0x00000624       0x16 build/default/production/librarias/lcd.o
                0x00000624                LCD0_getch
 .text.LCD0_string
                0x0000063a       0x26 build/default/production/librarias/lcd.o
                0x0000063a                LCD0_string
 .text.LCD0_string_size
                0x00000660       0x66 build/default/production/librarias/lcd.o
                0x00000660                LCD0_string_size
 .text.LCD0_hspace
                0x000006c6       0x1e build/default/production/librarias/lcd.o
                0x000006c6                LCD0_hspace
 .text.LCD0_clear
                0x000006e4       0x10 build/default/production/librarias/lcd.o
                0x000006e4                LCD0_clear
 .text.LCD0_gotoxy
                0x000006f4       0x5e build/default/production/librarias/lcd.o
                0x000006f4                LCD0_gotoxy
 .text.LCD0_inic
                0x00000752       0xa6 build/default/production/librarias/lcd.o
                0x00000752                LCD0_inic
 .text.LCD0enable
                0x000007f8       0xb0 build/default/production/librarias/lcd.o
                0x000007f8                LCD0enable
 .text.LCD0_reboot
                0x000008a8       0x24 build/default/production/librarias/lcd.o
                0x000008a8                LCD0_reboot
 .text.PORTINIT
                0x000008cc       0x1c build/default/production/main.o
                0x000008cc                PORTINIT
 .text.main     0x000008e8       0x68 build/default/production/main.o
                0x000008e8                main
                0x00000950                . = ALIGN (0x2)
 *(.fini9)
 .fini9         0x00000950        0x0 c:/program files (x86)/atmel/studio/7.0/toolchain/avr8/avr8-gnu-toolchain/bin/../lib/gcc/avr/5.4.0/avr51\libgcc.a(_exit.o)
                0x00000950                _exit
                0x00000950                exit
 *(.fini9)
 *(.fini8)
 *(.fini8)
 *(.fini7)
 *(.fini7)
 *(.fini6)
 *(.fini6)
 *(.fini5)
 *(.fini5)
 *(.fini4)
 *(.fini4)
 *(.fini3)
 *(.fini3)
 *(.fini2)
 *(.fini2)
 *(.fini1)
 *(.fini1)
 *(.fini0)
 .fini0         0x00000950        0x4 c:/program files (x86)/atmel/studio/7.0/toolchain/avr8/avr8-gnu-toolchain/bin/../lib/gcc/avr/5.4.0/avr51\libgcc.a(_exit.o)
 *(.fini0)
                0x00000954                _etext = .

.data           0x00800100       0x18 load address 0x00000954
                0x00800100                PROVIDE (__data_start, .)
 *(.data)
 *(.data*)
 *(.gnu.linkonce.d*)
 *(.rodata)
 *(.rodata*)
 .rodata.str1.1
                0x00800100       0x18 build/default/production/main.o
 *(.gnu.linkonce.r*)
                0x00800118                . = ALIGN (0x2)
                0x00800118                _edata = .
                0x00800118                PROVIDE (__data_end, .)

.bss            0x00800118       0xc1
                0x00800118                PROVIDE (__bss_start, .)
 *(.bss)
 *(.bss*)
 .bss.UART1_LastRxError
                0x00800118        0x1 build/default/production/librarias/Atmega128API.o
 .bss.UART1_RxTail
                0x00800119        0x1 build/default/production/librarias/Atmega128API.o
 .bss.UART1_RxHead
                0x0080011a        0x1 build/default/production/librarias/Atmega128API.o
 .bss.UART1_TxTail
                0x0080011b        0x1 build/default/production/librarias/Atmega128API.o
 .bss.UART1_TxHead
                0x0080011c        0x1 build/default/production/librarias/Atmega128API.o
 .bss.UART1_RxBuf
                0x0080011d       0x20 build/default/production/librarias/Atmega128API.o
 .bss.UART1_TxBuf
                0x0080013d       0x20 build/default/production/librarias/Atmega128API.o
 .bss.UART_LastRxError
                0x0080015d        0x1 build/default/production/librarias/Atmega128API.o
 .bss.UART_RxTail
                0x0080015e        0x1 build/default/production/librarias/Atmega128API.o
 .bss.UART_RxHead
                0x0080015f        0x1 build/default/production/librarias/Atmega128API.o
 .bss.UART_TxTail
                0x00800160        0x1 build/default/production/librarias/Atmega128API.o
 .bss.UART_TxHead
                0x00800161        0x1 build/default/production/librarias/Atmega128API.o
 .bss.UART_RxBuf
                0x00800162       0x20 build/default/production/librarias/Atmega128API.o
 .bss.UART_TxBuf
                0x00800182       0x20 build/default/production/librarias/Atmega128API.o
 .bss.adc_n_sample
                0x008001a2        0x1 build/default/production/librarias/Atmega128API.o
 .bss.adc_tmp   0x008001a3        0x2 build/default/production/librarias/Atmega128API.o
 .bss.adc_sample
                0x008001a5        0x2 build/default/production/librarias/Atmega128API.o
 .bss.ADC_SELECTOR
                0x008001a7        0x2 build/default/production/librarias/Atmega128API.o
 .bss.ADC_N_CHANNEL
                0x008001a9        0x2 build/default/production/librarias/Atmega128API.o
 .bss.ADC_CHANNEL_GAIN
                0x008001ab       0x10 build/default/production/librarias/Atmega128API.o
 .bss.ADC_VALUE
                0x008001bb       0x10 build/default/production/librarias/Atmega128API.o
 *(COMMON)
 COMMON         0x008001cb        0xe build/default/production/librarias/lcd.o
                0x008001cb                lcd0_PIN
                0x008001cd                lcd1_DDR
                0x008001cf                lcd1_detect
                0x008001d0                lcd1_PIN
                0x008001d2                lcd0_DDR
                0x008001d4                lcd0_detect
                0x008001d5                lcd0_PORT
                0x008001d7                lcd1_PORT
                0x008001d9                PROVIDE (__bss_end, .)
                0x00000954                __data_load_start = LOADADDR (.data)
                0x0000096c                __data_load_end = (__data_load_start + SIZEOF (.data))

.noinit         0x008001d9        0x0
                [!provide]                PROVIDE (__noinit_start, .)
 *(.noinit*)
                [!provide]                PROVIDE (__noinit_end, .)
                0x008001d9                _end = .
                [!provide]                PROVIDE (__heap_start, .)

.eeprom         0x00810000        0x0
 *(.eeprom*)
                0x00810000                __eeprom_end = .

.fuse
 *(.fuse)
 *(.lfuse)
 *(.hfuse)
 *(.efuse)

.lock
 *(.lock*)

.signature
 *(.signature*)

.user_signatures
 *(.user_signatures*)

.stab
 *(.stab)

.stabstr
 *(.stabstr)

.stab.excl
 *(.stab.excl)

.stab.exclstr
 *(.stab.exclstr)

.stab.index
 *(.stab.index)

.stab.indexstr
 *(.stab.indexstr)

.comment        0x00000000       0x30
 *(.comment)
 .comment       0x00000000       0x30 build/default/production/librarias/Atmega128API.o
                                 0x31 (size before relaxing)
 .comment       0x00000030       0x31 build/default/production/librarias/lcd.o
 .comment       0x00000030       0x31 build/default/production/main.o

.note.gnu.avr.deviceinfo
                0x00000000       0x3c
 .note.gnu.avr.deviceinfo
                0x00000000       0x3c C:/Program Files (x86)/Microchip/MPLABX/v5.40/packs/Microchip/ATmega_DFP/2.2.108/gcc/dev/atmega128/avr51/crtatmega128.o

.note.gnu.build-id
 *(.note.gnu.build-id)

.debug
 *(.debug)

.line
 *(.line)

.debug_srcinfo
 *(.debug_srcinfo)

.debug_sfnames
 *(.debug_sfnames)

.debug_aranges
 *(.debug_aranges)

.debug_pubnames
 *(.debug_pubnames)

.debug_info     0x00000000      0x780
 *(.debug_info .gnu.linkonce.wi.*)
 .debug_info    0x00000000      0x780 C:/Program Files (x86)/Microchip/MPLABX/v5.40/packs/Microchip/ATmega_DFP/2.2.108/gcc/dev/atmega128/avr51/crtatmega128.o

.debug_abbrev   0x00000000      0x718
 *(.debug_abbrev)
 .debug_abbrev  0x00000000      0x718 C:/Program Files (x86)/Microchip/MPLABX/v5.40/packs/Microchip/ATmega_DFP/2.2.108/gcc/dev/atmega128/avr51/crtatmega128.o

.debug_line     0x00000000      0x16a
 *(.debug_line .debug_line.* .debug_line_end)
 .debug_line    0x00000000      0x16a C:/Program Files (x86)/Microchip/MPLABX/v5.40/packs/Microchip/ATmega_DFP/2.2.108/gcc/dev/atmega128/avr51/crtatmega128.o

.debug_frame
 *(.debug_frame)

.debug_str      0x00000000      0x27d
 *(.debug_str)
 .debug_str     0x00000000      0x27d C:/Program Files (x86)/Microchip/MPLABX/v5.40/packs/Microchip/ATmega_DFP/2.2.108/gcc/dev/atmega128/avr51/crtatmega128.o

.debug_loc
 *(.debug_loc)

.debug_macinfo
 *(.debug_macinfo)

.debug_weaknames
 *(.debug_weaknames)

.debug_funcnames
 *(.debug_funcnames)

.debug_typenames
 *(.debug_typenames)

.debug_varnames
 *(.debug_varnames)

.debug_pubtypes
 *(.debug_pubtypes)

.debug_ranges
 *(.debug_ranges)

.debug_macro
 *(.debug_macro)
OUTPUT(dist/default/production/Atmega128Mplab_1.X.production.elf elf32-avr)
LOAD linker stubs
